Component: Arm Compiler for Embedded 6.19 Tool: armlink [5e73cb00]

==============================================================================

Section Cross References

    main.o(.text.HAL_GetTick) refers to rt_time.o(.data) for os_time
    main.o(.ARM.exidx.text.HAL_GetTick) refers to main.o(.text.HAL_GetTick) for [Anonymous Symbol]
    main.o(.text.SystemClock_Config) refers to stm32f4xx_hal_rcc.o(.text.HAL_RCC_OscConfig) for HAL_RCC_OscConfig
    main.o(.text.SystemClock_Config) refers to stm32f4xx_hal_rcc.o(.text.HAL_RCC_ClockConfig) for HAL_RCC_ClockConfig
    main.o(.ARM.exidx.text.SystemClock_Config) refers to main.o(.text.SystemClock_Config) for [Anonymous Symbol]
    main.o(.ARM.exidx.text.Delay_ms) refers to main.o(.text.Delay_ms) for [Anonymous Symbol]
    main.o(.text.GPIO_Init) refers to stm32f4xx_hal_gpio.o(.text.HAL_GPIO_Init) for HAL_GPIO_Init
    main.o(.ARM.exidx.text.GPIO_Init) refers to main.o(.text.GPIO_Init) for [Anonymous Symbol]
    main.o(.text.GPIO_ReadWrite) refers to stm32f4xx_hal_gpio.o(.text.HAL_GPIO_ReadPin) for HAL_GPIO_ReadPin
    main.o(.text.GPIO_ReadWrite) refers to stm32f4xx_hal_gpio.o(.text.HAL_GPIO_WritePin) for HAL_GPIO_WritePin
    main.o(.ARM.exidx.text.GPIO_ReadWrite) refers to main.o(.text.GPIO_ReadWrite) for [Anonymous Symbol]
    main.o(.ARM.exidx.text.TIM2_Initialize) refers to main.o(.text.TIM2_Initialize) for [Anonymous Symbol]
    main.o(.text.TIM2_IRQHandler) refers to main.o(.bss.togg) for togg
    main.o(.text.TIM2_IRQHandler) refers to main.o(.bss.sec) for sec
    main.o(.text.TIM2_IRQHandler) refers to main.o(.bss.min) for min
    main.o(.text.TIM2_IRQHandler) refers to main.o(.text.ADCSample) for ADCSample
    main.o(.ARM.exidx.text.TIM2_IRQHandler) refers to main.o(.text.TIM2_IRQHandler) for [Anonymous Symbol]
    main.o(.ARM.exidx.text.ADC_Init) refers to main.o(.text.ADC_Init) for [Anonymous Symbol]
    main.o(.ARM.exidx.text.ADCRead) refers to main.o(.text.ADCRead) for [Anonymous Symbol]
    main.o(.text.ADCSample) refers to main.o(.rodata.str1.1) for .L.str.3
    main.o(.text.ADCSample) refers to glcd_mcbstm32f400.o(.text.GLCD_DrawString) for GLCD_DrawString
    main.o(.text.ADCSample) refers to stm32f4xx_hal_gpio.o(.text.HAL_GPIO_WritePin) for HAL_GPIO_WritePin
    main.o(.text.ADCSample) refers to main.o(.bss.SampleCount) for SampleCount
    main.o(.text.ADCSample) refers to main.o(.bss.StorageArray) for StorageArray
    main.o(.ARM.exidx.text.ADCSample) refers to main.o(.text.ADCSample) for [Anonymous Symbol]
    main.o(.text.Display_ADCValue) refers to main.o(.rodata.str1.1) for .L.str.3
    main.o(.text.Display_ADCValue) refers to glcd_mcbstm32f400.o(.text.GLCD_DrawString) for GLCD_DrawString
    main.o(.ARM.exidx.text.Display_ADCValue) refers to main.o(.text.Display_ADCValue) for [Anonymous Symbol]
    main.o(.text.initialize_DisplayLCD) refers to glcd_mcbstm32f400.o(.text.GLCD_Initialize) for GLCD_Initialize
    main.o(.text.initialize_DisplayLCD) refers to glcd_mcbstm32f400.o(.text.GLCD_SetBackgroundColor) for GLCD_SetBackgroundColor
    main.o(.text.initialize_DisplayLCD) refers to glcd_mcbstm32f400.o(.text.GLCD_SetForegroundColor) for GLCD_SetForegroundColor
    main.o(.text.initialize_DisplayLCD) refers to glcd_mcbstm32f400.o(.text.GLCD_ClearScreen) for GLCD_ClearScreen
    main.o(.text.initialize_DisplayLCD) refers to glcd_fonts.o(.rodata.GLCD_Font_16x24) for GLCD_Font_16x24
    main.o(.text.initialize_DisplayLCD) refers to glcd_mcbstm32f400.o(.text.GLCD_SetFont) for GLCD_SetFont
    main.o(.text.initialize_DisplayLCD) refers to main.o(.rodata.str1.1) for .L.str
    main.o(.text.initialize_DisplayLCD) refers to glcd_mcbstm32f400.o(.text.GLCD_DrawString) for GLCD_DrawString
    main.o(.ARM.exidx.text.initialize_DisplayLCD) refers to main.o(.text.initialize_DisplayLCD) for [Anonymous Symbol]
    main.o(.text.Display_Level0_Count) refers to main.o(.rodata.str1.1) for .L.str.4
    main.o(.text.Display_Level0_Count) refers to glcd_mcbstm32f400.o(.text.GLCD_DrawString) for GLCD_DrawString
    main.o(.text.Display_Level0_Count) refers to main.o(.bss.SampleCount) for SampleCount
    main.o(.text.Display_Level0_Count) refers to main.o(.bss.StorageArray) for StorageArray
    main.o(.ARM.exidx.text.Display_Level0_Count) refers to main.o(.text.Display_Level0_Count) for [Anonymous Symbol]
    main.o(.text.main) refers to stm32f4xx_hal.o(.text.HAL_Init) for HAL_Init
    main.o(.text.main) refers to stm32f4xx_hal_rcc.o(.text.HAL_RCC_OscConfig) for HAL_RCC_OscConfig
    main.o(.text.main) refers to stm32f4xx_hal_rcc.o(.text.HAL_RCC_ClockConfig) for HAL_RCC_ClockConfig
    main.o(.text.main) refers to system_stm32f4xx.o(.text.SystemCoreClockUpdate) for SystemCoreClockUpdate
    main.o(.text.main) refers to stm32f4xx_hal_gpio.o(.text.HAL_GPIO_Init) for HAL_GPIO_Init
    main.o(.text.main) refers to glcd_mcbstm32f400.o(.text.GLCD_Initialize) for GLCD_Initialize
[...]
    !!!main                                  0x08000188   Section        8  __main.o(!!!main)
    !!!scatter                               0x08000190   Section       52  __scatter.o(!!!scatter)
    !!handler_copy                           0x080001c4   Section       26  __scatter_copy.o(!!handler_copy)
    !!handler_zi                             0x080001e0   Section       28  __scatter_zi.o(!!handler_zi)
    .ARM.Collect$$libinit$$00000000          0x080001fc   Section        2  libinit.o(.ARM.Collect$$libinit$$00000000)
    .ARM.Collect$$libinit$$00000001          0x080001fe   Section        4  libinit2.o(.ARM.Collect$$libinit$$00000001)
    .ARM.Collect$$libinit$$00000004          0x08000202   Section        0  libinit2.o(.ARM.Collect$$libinit$$00000004)
    .ARM.Collect$$libinit$$00000006          0x08000202   Section        0  libinit2.o(.ARM.Collect$$libinit$$00000006)
    .ARM.Collect$$libinit$$0000000C          0x08000202   Section        0  libinit2.o(.ARM.Collect$$libinit$$0000000C)
    .ARM.Collect$$libinit$$0000000E          0x08000202   Section        0  libinit2.o(.ARM.Collect$$libinit$$0000000E)
    .ARM.Collect$$libinit$$00000010          0x08000202   Section        0  libinit2.o(.ARM.Collect$$libinit$$00000010)
    .ARM.Collect$$libinit$$00000013          0x08000202   Section        0  libinit2.o(.ARM.Collect$$libinit$$00000013)
    .ARM.Collect$$libinit$$00000015          0x08000202   Section        0  libinit2.o(.ARM.Collect$$libinit$$00000015)
    .ARM.Collect$$libinit$$00000017          0x08000202   Section        0  libinit2.o(.ARM.Collect$$libinit$$00000017)
    .ARM.Collect$$libinit$$00000019          0x08000202   Section        0  libinit2.o(.ARM.Collect$$libinit$$00000019)
    .ARM.Collect$$libinit$$0000001B          0x08000202   Section        0  libinit2.o(.ARM.Collect$$libinit$$0000001B)
    .ARM.Collect$$libinit$$0000001D          0x08000202   Section        0  libinit2.o(.ARM.Collect$$libinit$$0000001D)
    .ARM.Collect$$libinit$$0000001F          0x08000202   Section        0  libinit2.o(.ARM.Collect$$libinit$$0000001F)
    .ARM.Collect$$libinit$$00000021          0x08000202   Section        0  libinit2.o(.ARM.Collect$$libinit$$00000021)
    .ARM.Collect$$libinit$$00000023          0x08000202   Section        0  libinit2.o(.ARM.Collect$$libinit$$00000023)
    .ARM.Collect$$libinit$$00000025          0x08000202   Section        0  libinit2.o(.ARM.Collect$$libinit$$00000025)
    .ARM.Collect$$libinit$$00000027          0x08000202   Section        0  libinit2.o(.ARM.Collect$$libinit$$00000027)
    .ARM.Collect$$libinit$$0000002E          0x08000202   Section        0  libinit2.o(.ARM.Collect$$libinit$$0000002E)
    .ARM.Collect$$libinit$$00000030          0x08000202   Section        0  libinit2.o(.ARM.Collect$$libinit$$00000030)
    .ARM.Collect$$libinit$$00000032          0x08000202   Section        0  libinit2.o(.ARM.Collect$$libinit$$00000032)
    .ARM.Collect$$libinit$$00000034          0x08000202   Section        0  libinit2.o(.ARM.Collect$$libinit$$00000034)
    .ARM.Collect$$libinit$$00000035          0x08000202   Section        2  libinit2.o(.ARM.Collect$$libinit$$00000035)
    .ARM.Collect$$libshutdown$$00000000      0x08000204   Section        2  libshutdown.o(.ARM.Collect$$libshutdown$$00000000)
    .ARM.Collect$$libshutdown$$00000002      0x08000206   Section        0  libshutdown2.o(.ARM.Collect$$libshutdown$$00000002)
    .ARM.Collect$$libshutdown$$00000004      0x08000206   Section        0  libshutdown2.o(.ARM.Collect$$libshutdown$$00000004)
    .ARM.Collect$$libshutdown$$00000007      0x08000206   Section        0  libshutdown2.o(.ARM.Collect$$libshutdown$$00000007)
    .ARM.Collect$$libshutdown$$0000000A      0x08000206   Section        0  libshutdown2.o(.ARM.Collect$$libshutdown$$0000000A)
    .ARM.Collect$$libshutdown$$0000000C      0x08000206   Section        0  libshutdown2.o(.ARM.Collect$$libshutdown$$0000000C)
    .ARM.Collect$$libshutdown$$0000000F      0x08000206   Section        0  libshutdown2.o(.ARM.Collect$$libshutdown$$0000000F)
    .ARM.Collect$$libshutdown$$00000010      0x08000206   Section        2  libshutdown2.o(.ARM.Collect$$libshutdown$$00000010)
    .ARM.Collect$$rtentry$$00000000          0x08000208   Section        0  __rtentry.o(.ARM.Collect$$rtentry$$00000000)
    .ARM.Collect$$rtentry$$00000002          0x08000208   Section        0  __rtentry2.o(.ARM.Collect$$rtentry$$00000002)
    .ARM.Collect$$rtentry$$00000004          0x08000208   Section        6  __rtentry4.o(.ARM.Collect$$rtentry$$00000004)
    .ARM.Collect$$rtentry$$00000009          0x0800020e   Section        0  __rtentry2.o(.ARM.Collect$$rtentry$$00000009)
    .ARM.Collect$$rtentry$$0000000A          0x0800020e   Section        4  __rtentry2.o(.ARM.Collect$$rtentry$$0000000A)
    .ARM.Collect$$rtentry$$0000000B          0x08000212   Section        8  __rtentry2.o(.ARM.Collect$$rtentry$$0000000B)
    .ARM.Collect$$rtentry$$0000000D          0x0800021a   Section        8  __rtentry2.o(.ARM.Collect$$rtentry$$0000000D)
    .ARM.Collect$$rtexit$$00000000           0x08000222   Section        2  rtexit.o(.ARM.Collect$$rtexit$$00000000)
    .ARM.Collect$$rtexit$$00000002           0x08000224   Section        0  rtexit2.o(.ARM.Collect$$rtexit$$00000002)
    .ARM.Collect$$rtexit$$00000003           0x08000224   Section        4  rtexit2.o(.ARM.Collect$$rtexit$$00000003)
    .ARM.Collect$$rtexit$$00000004           0x08000228   Section        6  rtexit2.o(.ARM.Collect$$rtexit$$00000004)
    $v0                                      0x08000230   Number         0  hal_cm4.o(.emb_text)
    .emb_text                                0x08000230   Section      408  hal_cm4.o(.emb_text)
    $v0                                      0x080003c8   Number         0  startup_stm32f407xx.o(.text)
    .text                                    0x080003c8   Section       64  startup_stm32f407xx.o(.text)
    .text                                    0x08000408   Section        8  libspace.o(.text)
    .text                                    0x08000410   Section      240  lludivv7m.o(.text)
    .text                                    0x08000500   Section        0  heapauxi.o(.text)
    .text                                    0x08000506   Section       74  sys_stackheap_outer.o(.text)
    .text                                    0x08000550   Section        0  exit.o(.text)
    .text                                    0x08000564   Section        0  sys_exit.o(.text)
    .text                                    0x08000570   Section        2  use_no_semi.o(.text)
    .text                                    0x08000572   Section        0  indicate_semi.o(.text)
    [Anonymous Symbol]                       0x08000574   Section        0  main.o(.text.ADCSample)
    [Anonymous Symbol]                       0x08000660   Section        0  main.o(.text.Display_Level0_Count)
    [Anonymous Symbol]                       0x0800070c   Section        0  stm32f4xx_ll_fsmc.o(.text.FSMC_NORSRAM_Extended_Timing_Init)
    [Anonymous Symbol]                       0x08000750   Section        0  stm32f4xx_ll_fsmc.o(.text.FSMC_NORSRAM_Init)
    [Anonymous Symbol]                       0x080007b0   Section        0  stm32f4xx_ll_fsmc.o(.text.FSMC_NORSRAM_Timing_Init)
    [Anonymous Symbol]                       0x080007f4   Section        0  glcd_mcbstm32f400.o(.text.GLCD_ClearScreen)
    [Anonymous Symbol]                       0x080008a8   Section        0  glcd_mcbstm32f400.o(.text.GLCD_DrawChar)
    [Anonymous Symbol]                       0x08000a08   Section        0  glcd_mcbstm32f400.o(.text.GLCD_DrawString)
    [Anonymous Symbol]                       0x08000a40   Section        0  glcd_mcbstm32f400.o(.text.GLCD_Initialize)
    [Anonymous Symbol]                       0x080011c8   Section        0  glcd_mcbstm32f400.o(.text.GLCD_SetBackgroundColor)
    [Anonymous Symbol]                       0x080011d8   Section        0  glcd_mcbstm32f400.o(.text.GLCD_SetFont)
    [Anonymous Symbol]                       0x080011e8   Section        0  glcd_mcbstm32f400.o(.text.GLCD_SetForegroundColor)
    [Anonymous Symbol]                       0x080011f8   Section        0  stm32f4xx_hal.o(.text.HAL_Delay)
    [Anonymous Symbol]                       0x08001220   Section        0  stm32f4xx_hal_gpio.o(.text.HAL_GPIO_Init)
    [Anonymous Symbol]                       0x080013bc   Section        0  stm32f4xx_hal_gpio.o(.text.HAL_GPIO_ReadPin)
    [Anonymous Symbol]                       0x080013c8   Section        0  stm32f4xx_hal_gpio.o(.text.HAL_GPIO_WritePin)
    [Anonymous Symbol]                       0x080013d4   Section        0  main.o(.text.HAL_GetTick)
    [Anonymous Symbol]                       0x080013e0   Section        0  stm32f4xx_hal.o(.text.HAL_Init)
    [Anonymous Symbol]                       0x08001418   Section        0  stm32f4xx_hal.o(.text.HAL_InitTick)
    [Anonymous Symbol]                       0x08001468   Section        0  stm32f4xx_hal.o(.text.HAL_MspInit)
    [Anonymous Symbol]                       0x0800146c   Section        0  stm32f4xx_hal_cortex.o(.text.HAL_NVIC_SetPriority)
    [Anonymous Symbol]                       0x080014c4   Section        0  stm32f4xx_hal_cortex.o(.text.HAL_NVIC_SetPriorityGrouping)
    [Anonymous Symbol]                       0x080014e4   Section        0  stm32f4xx_hal_rcc.o(.text.HAL_RCC_ClockConfig)
    [Anonymous Symbol]                       0x08001644   Section        0  stm32f4xx_hal_rcc.o(.text.HAL_RCC_GetSysClockFreq)
    [Anonymous Symbol]                       0x080016ac   Section        0  stm32f4xx_hal_rcc.o(.text.HAL_RCC_OscConfig)
    [Anonymous Symbol]                       0x080019f0   Section        0  stm32f4xx_hal_sram.o(.text.HAL_SRAM_Init)
    [Anonymous Symbol]                       0x08001a48   Section        0  stm32f4xx_hal_sram.o(.text.HAL_SRAM_MspInit)
    [Anonymous Symbol]                       0x08001a4c   Section        0  stm32f4xx_hal_cortex.o(.text.HAL_SYSTICK_Config)
    [Anonymous Symbol]                       0x08001a78   Section        0  system_stm32f4xx.o(.text.SystemCoreClockUpdate)
    [Anonymous Symbol]                       0x08001b00   Section        0  system_stm32f4xx.o(.text.SystemInit)
    [Anonymous Symbol]                       0x08001b58   Section        0  main.o(.text.TIM2_IRQHandler)
    __tagsym$$used.0                         0x08001bac   Number         0  rtx_conf_cm.o(.text._mutex_acquire)
    [Anonymous Symbol]                       0x08001bac   Section        0  rtx_conf_cm.o(.text._mutex_acquire)
    __tagsym$$used.1                         0x08001bd0   Number         0  rtx_conf_cm.o(.text._mutex_release)
    [Anonymous Symbol]                       0x08001bd0   Section        0  rtx_conf_cm.o(.text._mutex_release)
    [Anonymous Symbol]                       0x08001bf0   Section        0  rtx_conf_cm.o(.text._platform_post_lib_init)
    [Anonymous Symbol]                       0x08001c0c   Section        0  main.o(.text.main)
    [Anonymous Symbol]                       0x08001edc   Section        0  rtx_conf_cm.o(.text.os_error)
    [Anonymous Symbol]                       0x08001ee0   Section        0  rtx_conf_cm.o(.text.os_idle_demon)
    SVC_TABLE                                0x08001ee4   Section        4  svc_table.o(SVC_TABLE)
    i._init_box                              0x08001ee8   Section        0  rt_membox.o(i._init_box)
    i.dbg_init                               0x08001f30   Section        0  hal_cm.o(i.dbg_init)
    i.dbg_task_notify                        0x08001f60   Section        0  hal_cm.o(i.dbg_task_notify)
    i.dbg_task_switch                        0x08001f80   Section        0  hal_cm.o(i.dbg_task_switch)
    i.isrMessageGet                          0x08001f90   Section        0  rt_cmsis.o(i.isrMessageGet)
    i.isrMessagePut                          0x08001fba   Section        0  rt_cmsis.o(i.isrMessagePut)
    i.isr_mbx_receive                        0x08001fe8   Section        0  rt_mailbox.o(i.isr_mbx_receive)
    i.isr_mbx_send                           0x0800203e   Section        0  rt_mailbox.o(i.isr_mbx_send)
    i.osKernelInitialize                     0x0800204c   Section        0  rt_cmsis.o(i.osKernelInitialize)
    i.osKernelStart                          0x08002070   Section        0  rt_cmsis.o(i.osKernelStart)
    i.osMessageGet                           0x080020dc   Section        0  rt_cmsis.o(i.osMessageGet)
    i.osThreadCreate                         0x080020f4   Section        0  rt_cmsis.o(i.osThreadCreate)
    i.osThreadExit                           0x08002120   Section        0  rt_cmsis.o(i.osThreadExit)
    i.osTimerCall                            0x08002138   Section        0  rt_cmsis.o(i.osTimerCall)
    i.osTimerThread                          0x08002144   Section        0  rt_cmsis.o(i.osTimerThread)
    i.os_tick_init                           0x08002170   Section        0  rt_system.o(i.os_tick_init)
    i.os_tick_irqack                         0x08002198   Section        0  rt_system.o(i.os_tick_irqack)
    i.rt_alloc_box                           0x0800219a   Section        0  rt_membox.o(i.rt_alloc_box)
    i.rt_alloc_mem                           0x080021b4   Section        0  rt_memory.o(i.rt_alloc_mem)
    i.rt_block                               0x080021f4   Section        0  rt_task.o(i.rt_block)
    i.rt_chk_robin                           0x0800222c   Section        0  rt_robin.o(i.rt_chk_robin)
    i.rt_dec_dly                             0x08002274   Section        0  rt_list.o(i.rt_dec_dly)
    i.rt_dispatch                            0x080022e4   Section        0  rt_task.o(i.rt_dispatch)
    i.rt_evt_psh                             0x08002328   Section        0  rt_event.o(i.rt_evt_psh)
    i.rt_free_box                            0x08002378   Section        0  rt_membox.o(i.rt_free_box)
    i.rt_free_mem                            0x080023a4   Section        0  rt_memory.o(i.rt_free_mem)
    i.rt_get_first                           0x080023cc   Section        0  rt_list.o(i.rt_get_first)
    rt_id2obj                                0x080023f5   Thumb Code     8  rt_cmsis.o(i.rt_id2obj)
    i.rt_id2obj                              0x080023f4   Section        0  rt_cmsis.o(i.rt_id2obj)
    rt_init_context                          0x080023fd   Thumb Code    66  rt_task.o(i.rt_init_context)
    i.rt_init_context                        0x080023fc   Section        0  rt_task.o(i.rt_init_context)
    i.rt_init_mem                            0x08002444   Section        0  rt_memory.o(i.rt_init_mem)
    i.rt_init_robin                          0x08002460   Section        0  rt_robin.o(i.rt_init_robin)
    i.rt_init_stack                          0x08002478   Section        0  hal_cm.o(i.rt_init_stack)
    i.rt_mbx_check                           0x080024f8   Section        0  rt_mailbox.o(i.rt_mbx_check)
    i.rt_mbx_init                            0x08002500   Section        0  rt_mailbox.o(i.rt_mbx_init)
    i.rt_mbx_psh                             0x0800251c   Section        0  rt_mailbox.o(i.rt_mbx_psh)
    i.rt_mbx_wait                            0x0800260c   Section        0  rt_mailbox.o(i.rt_mbx_wait)
    rt_ms2tick                               0x080026c1   Thumb Code    58  rt_cmsis.o(i.rt_ms2tick)
    i.rt_ms2tick                             0x080026c0   Section        0  rt_cmsis.o(i.rt_ms2tick)
    i.rt_mut_release                         0x08002704   Section        0  rt_mutex.o(i.rt_mut_release)
    i.rt_mut_wait                            0x080027dc   Section        0  rt_mutex.o(i.rt_mut_wait)
    i.rt_pop_req                             0x08002854   Section        0  rt_system.o(i.rt_pop_req)
    i.rt_psh_req                             0x080028d0   Section        0  rt_system.o(i.rt_psh_req)
    i.rt_psq_enq                             0x080028f0   Section        0  rt_list.o(i.rt_psq_enq)
    i.rt_put_dly                             0x0800294c   Section        0  rt_list.o(i.rt_put_dly)
    i.rt_put_prio                            0x08002994   Section        0  rt_list.o(i.rt_put_prio)
    i.rt_put_rdy_first                       0x080029cc   Section        0  rt_list.o(i.rt_put_rdy_first)
    i.rt_resort_prio                         0x080029e0   Section        0  rt_list.o(i.rt_resort_prio)
    rt_ret_regs                              0x08002a15   Thumb Code    16  hal_cm.o(i.rt_ret_regs)
    i.rt_ret_regs                            0x08002a14   Section        0  hal_cm.o(i.rt_ret_regs)
    i.rt_ret_val                             0x08002a24   Section        0  hal_cm.o(i.rt_ret_val)
    i.rt_ret_val2                            0x08002a30   Section        0  hal_cm.o(i.rt_ret_val2)
    i.rt_rmv_dly                             0x08002a40   Section        0  rt_list.o(i.rt_rmv_dly)
    i.rt_rmv_list                            0x08002a68   Section        0  rt_list.o(i.rt_rmv_list)
    i.rt_sem_psh                             0x08002a98   Section        0  rt_semaphore.o(i.rt_sem_psh)
    i.rt_stk_check                           0x08002acc   Section        0  rt_system.o(i.rt_stk_check)
    i.rt_switch_req                          0x08002af0   Section        0  rt_task.o(i.rt_switch_req)
    i.rt_sys_init                            0x08002b18   Section        0  rt_task.o(i.rt_sys_init)
    i.rt_sys_start                           0x08002be4   Section        0  rt_task.o(i.rt_sys_start)
    i.rt_systick                             0x08002c5c   Section        0  rt_system.o(i.rt_systick)
    rt_tid2ptcb                              0x08002c9d   Thumb Code    18  rt_cmsis.o(i.rt_tid2ptcb)
    i.rt_tid2ptcb                            0x08002c9c   Section        0  rt_cmsis.o(i.rt_tid2ptcb)
    rt_timer_insert                          0x08002cb1   Thumb Code    48  rt_cmsis.o(i.rt_timer_insert)
    i.rt_timer_insert                        0x08002cb0   Section        0  rt_cmsis.o(i.rt_timer_insert)
    i.rt_tsk_create                          0x08002ce4   Section        0  rt_task.o(i.rt_tsk_create)
    i.rt_tsk_delete                          0x08002d6c   Section        0  rt_task.o(i.rt_tsk_delete)
    i.rt_tsk_prio                            0x08002ee8   Section        0  rt_task.o(i.rt_tsk_prio)
    i.rt_tsk_self                            0x08002f64   Section        0  rt_task.o(i.rt_tsk_self)
    i.svcKernelInitialize                    0x08002f74   Section        0  rt_cmsis.o(i.svcKernelInitialize)
    i.svcKernelStart                         0x08002fe4   Section        0  rt_cmsis.o(i.svcKernelStart)
    i.svcMessageCreate                       0x0800302c   Section        0  rt_cmsis.o(i.svcMessageCreate)
    i.svcMessageGet                          0x08003050   Section        0  rt_cmsis.o(i.svcMessageGet)
    i.svcThreadCreate                        0x0800308c   Section        0  rt_cmsis.o(i.svcThreadCreate)
    i.svcThreadGetId                         0x080030f8   Section        0  rt_cmsis.o(i.svcThreadGetId)
    i.svcThreadTerminate                     0x08003114   Section        0  rt_cmsis.o(i.svcThreadTerminate)
    i.svcTimerCall                           0x0800314c   Section        0  rt_cmsis.o(i.svcTimerCall)
    i.sysTimerTick                           0x08003164   Section        0  rt_cmsis.o(i.sysTimerTick)
    $v0                                      0x080031c0   Number         0  fpinit.o(x$fpl$fpinit)
    x$fpl$fpinit                             0x080031c0   Section       26  fpinit.o(x$fpl$fpinit)
    __tagsym$$used.2                         0x080031ec   Number         0  rtx_conf_cm.o(.rodata.CMSIS_RTOS_API_Version)
    __tagsym$$used.3                         0x080031f0   Number         0  rtx_conf_cm.o(.rodata.CMSIS_RTOS_RTX_Version)
    Font_16x24_h                             0x080031f4   Data        5376  glcd_fonts.o(.rodata.Font_16x24_h)
    [Anonymous Symbol]                       0x080031f4   Section        0  glcd_fonts.o(.rodata.Font_16x24_h)
    __tagsym$$used.4                         0x0800470c   Number         0  rtx_conf_cm.o(.rodata.os_clockrate)
    __tagsym$$used.5                         0x08004748   Number         0  rtx_conf_cm.o(.rodata.os_timernum)
    .L.str.4                                 0x08004750   Data          24  main.o(.rodata.str1.1)
    [Anonymous Symbol]                       0x08004750   Section        0  main.o(.rodata.str1.1)
    .L.str                                   0x08004754   Data          20  main.o(.rodata.str1.1)
    .L.str.2                                 0x08004757   Data          17  main.o(.rodata.str1.1)
    .L.str.3                                 0x08004768   Data           7  main.o(.rodata.str1.1)
    .L.str.1                                 0x0800476f   Data          18  main.o(.rodata.str1.1)
    .data                                    0x20000004   Section        8  rt_cmsis.o(.data)
    .data                                    0x2000000c   Section        8  rt_task.o(.data)
    .data                                    0x20000014   Section        4  rt_time.o(.data)
    os_lock                                  0x20000018   Data           1  rt_system.o(.data)
    .data                                    0x20000018   Section        8  rt_system.o(.data)
    os_psh_flag                              0x20000019   Data           1  rt_system.o(.data)
    pend_flags                               0x2000001a   Data           1  rt_system.o(.data)
    .data                                    0x20000020   Section        8  rt_robin.o(.data)
    .data                                    0x20000028   Section        1  hal_cm.o(.data)
    background_color                         0x20000030   Data           2  glcd_mcbstm32f400.o(.data.background_color)
    [Anonymous Symbol]                       0x20000030   Section        0  glcd_mcbstm32f400.o(.data.background_color)
    .bss                                     0x20000038   Section       52  rt_task.o(.bss)
    .bss                                     0x2000006c   Section       48  rt_list.o(.bss)
    .bss                                     0x2000009c   Section       96  libspace.o(.bss)
    Himax                                    0x200000fc   Data           1  glcd_mcbstm32f400.o(.bss.Himax)
    [Anonymous Symbol]                       0x200000fc   Section        0  glcd_mcbstm32f400.o(.bss.Himax)
    active_font                              0x20000140   Data           4  glcd_mcbstm32f400.o(.bss.active_font)
    [Anonymous Symbol]                       0x20000140   Section        0  glcd_mcbstm32f400.o(.bss.active_font)
    foreground_color                         0x20000144   Data           2  glcd_mcbstm32f400.o(.bss.foreground_color)
    [Anonymous Symbol]                       0x20000144   Section        0  glcd_mcbstm32f400.o(.bss.foreground_color)
    hsram4                                   0x20000148   Data          80  glcd_mcbstm32f400.o(.bss.hsram4)
    [Anonymous Symbol]                       0x20000148   Section        0  glcd_mcbstm32f400.o(.bss.hsram4)
    Heap_Mem                                 0x20000a58   Data         512  startup_stm32f407xx.o(HEAP)
    HEAP                                     0x20000a58   Section      512  startup_stm32f407xx.o(HEAP)
    Stack_Mem                                0x20000c58   Data        1024  startup_stm32f407xx.o(STACK)
    STACK                                    0x20000c58   Section     1024  startup_stm32f407xx.o(STACK)
    __initial_sp                             0x20001058   Data           0  startup_stm32f407xx.o(STACK)

    Global Symbols

    Symbol Name                              Value     Ov Type        Size  Object(Section)

    BuildAttributes$$THM_ISAv4$E$P$D$K$B$S$7EM$VFPi3$EXTD16$VFPS$VFMA$PE$A:L22UL41UL21$X:L11$S22US41US21$IEEE1$IW$~IW$USESV6$~STKCKD$USESV7$~SHL$OTIME$ROPI$EBA8$UX$STANDARDLIB$REQ8$PRES8$EABIv2 0x00000000   Number         0  anon$$obj.o ABSOLUTE
    __ARM_exceptions_init                     - Undefined Weak Reference
    __alloca_initialize                       - Undefined Weak Reference
    __arm_preinit_                            - Undefined Weak Reference
    __arm_relocate_pie_                       - Undefined Weak Reference
    __cpp_initialize__aeabi_                  - Undefined Weak Reference
    __cxa_finalize                            - Undefined Weak Reference
    __rt_locale                               - Undefined Weak Reference
    __sigvec_lookup                           - Undefined Weak Reference
    _atexit_init                              - Undefined Weak Reference
    _call_atexit_fns                          - Undefined Weak Reference
    _clock_init                               - Undefined Weak Reference
    _fp_trap_init                             - Undefined Weak Reference
    _fp_trap_shutdown                         - Undefined Weak Reference
    _get_lc_collate                           - Undefined Weak Reference
    _get_lc_ctype                             - Undefined Weak Reference
    _get_lc_monetary                          - Undefined Weak Reference
    _get_lc_numeric                           - Undefined Weak Reference
    _get_lc_time                              - Undefined Weak Reference
    _getenv_init                              - Undefined Weak Reference
    _handle_redirection                       - Undefined Weak Reference
    _init_alloc                               - Undefined Weak Reference
    _init_user_alloc                          - Undefined Weak Reference
    _initio                                   - Undefined Weak Reference
    _rand_init                                - Undefined Weak Reference
    _signal_finish                            - Undefined Weak Reference
    _signal_init                              - Undefined Weak Reference
    _terminate_alloc                          - Undefined Weak Reference
    _terminate_user_alloc                     - Undefined Weak Reference
    _terminateio                              - Undefined Weak Reference
    __Vectors_Size                           0x00000188   Number         0  startup_stm32f407xx.o ABSOLUTE
    __RL_RTX_VER                             0x00000482   Number         0  rt_system.o ABSOLUTE
    __Vectors                                0x08000000   Data           4  startup_stm32f407xx.o(RESET)
    __Vectors_End                            0x08000188   Data           0  startup_stm32f407xx.o(RESET)
    __main                                   0x08000189   Thumb Code     8  __main.o(!!!main)
    __scatterload                            0x08000191   Thumb Code     0  __scatter.o(!!!scatter)
    __scatterload_rt2                        0x08000191   Thumb Code    44  __scatter.o(!!!scatter)
    __scatterload_rt2_thumb_only             0x08000191   Thumb Code     0  __scatter.o(!!!scatter)
    __scatterload_null                       0x0800019f   Thumb Code     0  __scatter.o(!!!scatter)
    __scatterload_copy                       0x080001c5   Thumb Code    26  __scatter_copy.o(!!handler_copy)
    __scatterload_zeroinit                   0x080001e1   Thumb Code    28  __scatter_zi.o(!!handler_zi)
    __rt_lib_init                            0x080001fd   Thumb Code     0  libinit.o(.ARM.Collect$$libinit$$00000000)
    __rt_lib_init_fp_1                       0x080001ff   Thumb Code     0  libinit2.o(.ARM.Collect$$libinit$$00000001)
    __rt_lib_init_alloca_1                   0x08000203   Thumb Code     0  libinit2.o(.ARM.Collect$$libinit$$00000030)
    __rt_lib_init_argv_1                     0x08000203   Thumb Code     0  libinit2.o(.ARM.Collect$$libinit$$0000002E)
    __rt_lib_init_atexit_1                   0x08000203   Thumb Code     0  libinit2.o(.ARM.Collect$$libinit$$0000001D)
    __rt_lib_init_clock_1                    0x08000203   Thumb Code     0  libinit2.o(.ARM.Collect$$libinit$$00000023)
    __rt_lib_init_cpp_1                      0x08000203   Thumb Code     0  libinit2.o(.ARM.Collect$$libinit$$00000034)
    __rt_lib_init_exceptions_1               0x08000203   Thumb Code     0  libinit2.o(.ARM.Collect$$libinit$$00000032)
    __rt_lib_init_fp_trap_1                  0x08000203   Thumb Code     0  libinit2.o(.ARM.Collect$$libinit$$00000021)
    __rt_lib_init_getenv_1                   0x08000203   Thumb Code     0  libinit2.o(.ARM.Collect$$libinit$$00000025)
    __rt_lib_init_heap_1                     0x08000203   Thumb Code     0  libinit2.o(.ARM.Collect$$libinit$$0000000C)
    __rt_lib_init_lc_collate_1               0x08000203   Thumb Code     0  libinit2.o(.ARM.Collect$$libinit$$00000013)
    __rt_lib_init_lc_ctype_1                 0x08000203   Thumb Code     0  libinit2.o(.ARM.Collect$$libinit$$00000015)
    __rt_lib_init_lc_monetary_1              0x08000203   Thumb Code     0  libinit2.o(.ARM.Collect$$libinit$$00000017)
    __rt_lib_init_lc_numeric_1               0x08000203   Thumb Code     0  libinit2.o(.ARM.Collect$$libinit$$00000019)
    __rt_lib_init_lc_time_1                  0x08000203   Thumb Code     0  libinit2.o(.ARM.Collect$$libinit$$0000001B)
    __rt_lib_init_preinit_1                  0x08000203   Thumb Code     0  libinit2.o(.ARM.Collect$$libinit$$00000006)
    __rt_lib_init_rand_1                     0x08000203   Thumb Code     0  libinit2.o(.ARM.Collect$$libinit$$00000010)
    __rt_lib_init_relocate_pie_1             0x08000203   Thumb Code     0  libinit2.o(.ARM.Collect$$libinit$$00000004)
    __rt_lib_init_return                     0x08000203   Thumb Code     0  libinit2.o(.ARM.Collect$$libinit$$00000035)
    __rt_lib_init_signal_1                   0x08000203   Thumb Code     0  libinit2.o(.ARM.Collect$$libinit$$0000001F)
    __rt_lib_init_stdio_1                    0x08000203   Thumb Code     0  libinit2.o(.ARM.Collect$$libinit$$00000027)
    __rt_lib_init_user_alloc_1               0x08000203   Thumb Code     0  libinit2.o(.ARM.Collect$$libinit$$0000000E)
    __rt_lib_shutdown                        0x08000205   Thumb Code     0  libshutdown.o(.ARM.Collect$$libshutdown$$00000000)
    __rt_lib_shutdown_cpp_1                  0x08000207   Thumb Code     0  libshutdown2.o(.ARM.Collect$$libshutdown$$00000002)
    __rt_lib_shutdown_fp_trap_1              0x08000207   Thumb Code     0  libshutdown2.o(.ARM.Collect$$libshutdown$$00000007)
    __rt_lib_shutdown_heap_1                 0x08000207   Thumb Code     0  libshutdown2.o(.ARM.Collect$$libshutdown$$0000000F)
    __rt_lib_shutdown_return                 0x08000207   Thumb Code     0  libshutdown2.o(.ARM.Collect$$libshutdown$$00000010)
    __rt_lib_shutdown_signal_1               0x08000207   Thumb Code     0  libshutdown2.o(.ARM.Collect$$libshutdown$$0000000A)
    __rt_lib_shutdown_stdio_1                0x08000207   Thumb Code     0  libshutdown2.o(.ARM.Collect$$libshutdown$$00000004)
    __rt_lib_shutdown_user_alloc_1           0x08000207   Thumb Code     0  libshutdown2.o(.ARM.Collect$$libshutdown$$0000000C)
    __rt_entry                               0x08000209   Thumb Code     0  __rtentry.o(.ARM.Collect$$rtentry$$00000000)
    __rt_entry_presh_1                       0x08000209   Thumb Code     0  __rtentry2.o(.ARM.Collect$$rtentry$$00000002)
    __rt_entry_sh                            0x08000209   Thumb Code     0  __rtentry4.o(.ARM.Collect$$rtentry$$00000004)
    __rt_entry_li                            0x0800020f   Thumb Code     0  __rtentry2.o(.ARM.Collect$$rtentry$$0000000A)
    __rt_entry_postsh_1                      0x0800020f   Thumb Code     0  __rtentry2.o(.ARM.Collect$$rtentry$$00000009)
    __rt_entry_postli_1                      0x08000213   Thumb Code     0  __rtentry2.o(.ARM.Collect$$rtentry$$0000000B)
    __rt_entry_main                          0x0800021b   Thumb Code     0  __rtentry2.o(.ARM.Collect$$rtentry$$0000000D)
    __rt_exit                                0x08000223   Thumb Code     0  rtexit.o(.ARM.Collect$$rtexit$$00000000)
    __rt_exit_ls                             0x08000225   Thumb Code     0  rtexit2.o(.ARM.Collect$$rtexit$$00000003)
    __rt_exit_prels_1                        0x08000225   Thumb Code     0  rtexit2.o(.ARM.Collect$$rtexit$$00000002)
    __rt_exit_exit                           0x08000229   Thumb Code     0  rtexit2.o(.ARM.Collect$$rtexit$$00000004)
    rt_set_PSP                               0x08000231   Thumb Code     6  hal_cm4.o(.emb_text)
    rt_get_PSP                               0x08000237   Thumb Code     6  hal_cm4.o(.emb_text)
    os_set_env                               0x0800023d   Thumb Code    24  hal_cm4.o(.emb_text)
    _alloc_box                               0x08000259   Thumb Code    28  hal_cm4.o(.emb_text)
    _free_box                                0x08000279   Thumb Code    28  hal_cm4.o(.emb_text)
    SVC_Handler                              0x08000299   Thumb Code   168  hal_cm4.o(.emb_text)
    PendSV_Handler                           0x08000351   Thumb Code    96  hal_cm4.o(.emb_text)
    SysTick_Handler                          0x080003b5   Thumb Code     8  hal_cm4.o(.emb_text)
    OS_Tick_Handler                          0x080003bd   Thumb Code    12  hal_cm4.o(.emb_text)
    Reset_Handler                            0x080003c9   Thumb Code     8  startup_stm32f407xx.o(.text)
    NMI_Handler                              0x080003d1   Thumb Code     2  startup_stm32f407xx.o(.text)
    HardFault_Handler                        0x080003d3   Thumb Code     2  startup_stm32f407xx.o(.text)
    MemManage_Handler                        0x080003d5   Thumb Code     2  startup_stm32f407xx.o(.text)
    BusFault_Handler                         0x080003d7   Thumb Code     2  startup_stm32f407xx.o(.text)
    UsageFault_Handler                       0x080003d9   Thumb Code     2  startup_stm32f407xx.o(.text)
    DebugMon_Handler                         0x080003dd   Thumb Code     2  startup_stm32f407xx.o(.text)
    ADC_IRQHandler                           0x080003e3   Thumb Code     0  startup_stm32f407xx.o(.text)
    CAN1_RX0_IRQHandler                      0x080003e3   Thumb Code     0  startup_stm32f407xx.o(.text)
    CAN1_RX1_IRQHandler                      0x080003e3   Thumb Code     0  startup_stm32f407xx.o(.text)
    CAN1_SCE_IRQHandler                      0x080003e3   Thumb Code     0  startup_stm32f407xx.o(.text)
    CAN1_TX_IRQHandler                       0x080003e3   Thumb Code     0  startup_stm32f407xx.o(.text)
    CAN2_RX0_IRQHandler                      0x080003e3   Thumb Code     0  startup_stm32f407xx.o(.text)
    CAN2_RX1_IRQHandler                      0x080003e3   Thumb Code     0  startup_stm32f407xx.o(.text)
    CAN2_SCE_IRQHandler                      0x080003e3   Thumb Code     0  startup_stm32f407xx.o(.text)
    CAN2_TX_IRQHandler                       0x080003e3   Thumb Code     0  startup_stm32f407xx.o(.text)
    DCMI_IRQHandler                          0x080003e3   Thumb Code     0  startup_stm32f407xx.o(.text)
    DMA1_Stream0_IRQHandler                  0x080003e3   Thumb Code     0  startup_stm32f407xx.o(.text)
    DMA1_Stream1_IRQHandler                  0x080003e3   Thumb Code     0  startup_stm32f407xx.o(.text)
    DMA1_Stream2_IRQHandler                  0x080003e3   Thumb Code     0  startup_stm32f407xx.o(.text)
    DMA1_Stream3_IRQHandler                  0x080003e3   Thumb Code     0  startup_stm32f407xx.o(.text)
    DMA1_Stream4_IRQHandler                  0x080003e3   Thumb Code     0  startup_stm32f407xx.o(.text)
    DMA1_Stream5_IRQHandler                  0x080003e3   Thumb Code     0  startup_stm32f407xx.o(.text)
    DMA1_Stream6_IRQHandler                  0x080003e3   Thumb Code     0  startup_stm32f407xx.o(.text)
    DMA1_Stream7_IRQHandler                  0x080003e3   Thumb Code     0  startup_stm32f407xx.o(.text)
    DMA2_Stream0_IRQHandler                  0x080003e3   Thumb Code     0  startup_stm32f407xx.o(.text)
    DMA2_Stream1_IRQHandler                  0x080003e3   Thumb Code     0  startup_stm32f407xx.o(.text)
    DMA2_Stream2_IRQHandler                  0x080003e3   Thumb Code     0  startup_stm32f407xx.o(.text)
    DMA2_Stream3_IRQHandler                  0x080003e3   Thumb Code     0  startup_stm32f407xx.o(.text)
    DMA2_Stream4_IRQHandler                  0x080003e3   Thumb Code     0  startup_stm32f407xx.o(.text)
    DMA2_Stream5_IRQHandler                  0x080003e3   Thumb Code     0  startup_stm32f407xx.o(.text)
    DMA2_Stream6_IRQHandler                  0x080003e3   Thumb Code     0  startup_stm32f407xx.o(.text)
    DMA2_Stream7_IRQHandler                  0x080003e3   Thumb Code     0  startup_stm32f407xx.o(.text)
    ETH_IRQHandler                           0x080003e3   Thumb Code     0  startup_stm32f407xx.o(.text)
    ETH_WKUP_IRQHandler                      0x080003e3   Thumb Code     0  startup_stm32f407xx.o(.text)
    EXTI0_IRQHandler                         0x080003e3   Thumb Code     0  startup_stm32f407xx.o(.text)
    EXTI15_10_IRQHandler                     0x080003e3   Thumb Code     0  startup_stm32f407xx.o(.text)
    EXTI1_IRQHandler                         0x080003e3   Thumb Code     0  startup_stm32f407xx.o(.text)
    EXTI2_IRQHandler                         0x080003e3   Thumb Code     0  startup_stm32f407xx.o(.text)
    EXTI3_IRQHandler                         0x080003e3   Thumb Code     0  startup_stm32f407xx.o(.text)
    EXTI4_IRQHandler                         0x080003e3   Thumb Code     0  startup_stm32f407xx.o(.text)
    EXTI9_5_IRQHandler                       0x080003e3   Thumb Code     0  startup_stm32f407xx.o(.text)
    FLASH_IRQHandler                         0x080003e3   Thumb Code     0  startup_stm32f407xx.o(.text)
    FMC_IRQHandler                           0x080003e3   Thumb Code     0  startup_stm32f407xx.o(.text)
    FPU_IRQHandler                           0x080003e3   Thumb Code     0  startup_stm32f407xx.o(.text)
    HASH_RNG_IRQHandler                      0x080003e3   Thumb Code     0  startup_stm32f407xx.o(.text)
    I2C1_ER_IRQHandler                       0x080003e3   Thumb Code     0  startup_stm32f407xx.o(.text)
    I2C1_EV_IRQHandler                       0x080003e3   Thumb Code     0  startup_stm32f407xx.o(.text)
    I2C2_ER_IRQHandler                       0x080003e3   Thumb Code     0  startup_stm32f407xx.o(.text)
    I2C2_EV_IRQHandler                       0x080003e3   Thumb Code     0  startup_stm32f407xx.o(.text)
    I2C3_ER_IRQHandler                       0x080003e3   Thumb Code     0  startup_stm32f407xx.o(.text)
    I2C3_EV_IRQHandler                       0x080003e3   Thumb Code     0  startup_stm32f407xx.o(.text)
    OTG_FS_IRQHandler                        0x080003e3   Thumb Code     0  startup_stm32f407xx.o(.text)
    OTG_FS_WKUP_IRQHandler                   0x080003e3   Thumb Code     0  startup_stm32f407xx.o(.text)
    OTG_HS_EP1_IN_IRQHandler                 0x080003e3   Thumb Code     0  startup_stm32f407xx.o(.text)
    OTG_HS_EP1_OUT_IRQHandler                0x080003e3   Thumb Code     0  startup_stm32f407xx.o(.text)
    OTG_HS_IRQHandler                        0x080003e3   Thumb Code     0  startup_stm32f407xx.o(.text)
    OTG_HS_WKUP_IRQHandler                   0x080003e3   Thumb Code     0  startup_stm32f407xx.o(.text)
    PVD_IRQHandler                           0x080003e3   Thumb Code     0  startup_stm32f407xx.o(.text)
    RCC_IRQHandler                           0x080003e3   Thumb Code     0  startup_stm32f407xx.o(.text)
    RTC_Alarm_IRQHandler                     0x080003e3   Thumb Code     0  startup_stm32f407xx.o(.text)
    RTC_WKUP_IRQHandler                      0x080003e3   Thumb Code     0  startup_stm32f407xx.o(.text)
    SDIO_IRQHandler                          0x080003e3   Thumb Code     0  startup_stm32f407xx.o(.text)
    SPI1_IRQHandler                          0x080003e3   Thumb Code     0  startup_stm32f407xx.o(.text)
    SPI2_IRQHandler                          0x080003e3   Thumb Code     0  startup_stm32f407xx.o(.text)
    SPI3_IRQHandler                          0x080003e3   Thumb Code     0  startup_stm32f407xx.o(.text)
    TAMP_STAMP_IRQHandler                    0x080003e3   Thumb Code     0  startup_stm32f407xx.o(.text)
    TIM1_BRK_TIM9_IRQHandler                 0x080003e3   Thumb Code     0  startup_stm32f407xx.o(.text)
    TIM1_CC_IRQHandler                       0x080003e3   Thumb Code     0  startup_stm32f407xx.o(.text)
    TIM1_TRG_COM_TIM11_IRQHandler            0x080003e3   Thumb Code     0  startup_stm32f407xx.o(.text)
    TIM1_UP_TIM10_IRQHandler                 0x080003e3   Thumb Code     0  startup_stm32f407xx.o(.text)
    TIM3_IRQHandler                          0x080003e3   Thumb Code     0  startup_stm32f407xx.o(.text)
    TIM4_IRQHandler                          0x080003e3   Thumb Code     0  startup_stm32f407xx.o(.text)
    TIM5_IRQHandler                          0x080003e3   Thumb Code     0  startup_stm32f407xx.o(.text)
    TIM6_DAC_IRQHandler                      0x080003e3   Thumb Code     0  startup_stm32f407xx.o(.text)
    TIM7_IRQHandler                          0x080003e3   Thumb Code     0  startup_stm32f407xx.o(.text)
    TIM8_BRK_TIM12_IRQHandler                0x080003e3   Thumb Code     0  startup_stm32f407xx.o(.text)
    TIM8_CC_IRQHandler                       0x080003e3   Thumb Code     0  startup_stm32f407xx.o(.text)
    TIM8_TRG_COM_TIM14_IRQHandler            0x080003e3   Thumb Code     0  startup_stm32f407xx.o(.text)
    TIM8_UP_TIM13_IRQHandler                 0x080003e3   Thumb Code     0  startup_stm32f407xx.o(.text)
    UART4_IRQHandler                         0x080003e3   Thumb Code     0  startup_stm32f407xx.o(.text)
    UART5_IRQHandler                         0x080003e3   Thumb Code     0  startup_stm32f407xx.o(.text)
    USART1_IRQHandler                        0x080003e3   Thumb Code     0  startup_stm32f407xx.o(.text)
    USART2_IRQHandler                        0x080003e3   Thumb Code     0  startup_stm32f407xx.o(.text)
    USART3_IRQHandler                        0x080003e3   Thumb Code     0  startup_stm32f407xx.o(.text)
    USART6_IRQHandler                        0x080003e3   Thumb Code     0  startup_stm32f407xx.o(.text)
    WWDG_IRQHandler                          0x080003e3   Thumb Code     0  startup_stm32f407xx.o(.text)
    __user_initial_stackheap                 0x080003e5   Thumb Code     0  startup_stm32f407xx.o(.text)
    __user_libspace                          0x08000409   Thumb Code     8  libspace.o(.text)
    __user_perproc_libspace                  0x08000409   Thumb Code     0  libspace.o(.text)
    __aeabi_uldivmod                         0x08000411   Thumb Code     0  lludivv7m.o(.text)
    _ll_udiv                                 0x08000411   Thumb Code   240  lludivv7m.o(.text)
    __use_two_region_memory                  0x08000501   Thumb Code     2  heapauxi.o(.text)
    __rt_heap_escrow$2region                 0x08000503   Thumb Code     2  heapauxi.o(.text)
    __rt_heap_expand$2region                 0x08000505   Thumb Code     2  heapauxi.o(.text)
    __user_setup_stackheap                   0x08000507   Thumb Code    74  sys_stackheap_outer.o(.text)
    exit                                     0x08000551   Thumb Code    18  exit.o(.text)
    _sys_exit                                0x08000565   Thumb Code     8  sys_exit.o(.text)
    __I$use$semihosting                      0x08000571   Thumb Code     0  use_no_semi.o(.text)
    __use_no_semihosting_swi                 0x08000571   Thumb Code     2  use_no_semi.o(.text)
    __semihosting_library_function           0x08000573   Thumb Code     0  indicate_semi.o(.text)
    ADCSample                                0x08000575   Thumb Code   236  main.o(.text.ADCSample)
    Display_Level0_Count                     0x08000661   Thumb Code   148  main.o(.text.Display_Level0_Count)
    FSMC_NORSRAM_Extended_Timing_Init        0x0800070d   Thumb Code    66  stm32f4xx_ll_fsmc.o(.text.FSMC_NORSRAM_Extended_Timing_Init)
    FSMC_NORSRAM_Init                        0x08000751   Thumb Code    94  stm32f4xx_ll_fsmc.o(.text.FSMC_NORSRAM_Init)
    FSMC_NORSRAM_Timing_Init                 0x080007b1   Thumb Code    68  stm32f4xx_ll_fsmc.o(.text.FSMC_NORSRAM_Timing_Init)
    GLCD_ClearScreen                         0x080007f5   Thumb Code   178  glcd_mcbstm32f400.o(.text.GLCD_ClearScreen)
    GLCD_DrawChar                            0x080008a9   Thumb Code   352  glcd_mcbstm32f400.o(.text.GLCD_DrawChar)
    GLCD_DrawString                          0x08000a09   Thumb Code    54  glcd_mcbstm32f400.o(.text.GLCD_DrawString)
    GLCD_Initialize                          0x08000a41   Thumb Code  1928  glcd_mcbstm32f400.o(.text.GLCD_Initialize)
    GLCD_SetBackgroundColor                  0x080011c9   Thumb Code    16  glcd_mcbstm32f400.o(.text.GLCD_SetBackgroundColor)
    GLCD_SetFont                             0x080011d9   Thumb Code    16  glcd_mcbstm32f400.o(.text.GLCD_SetFont)
    GLCD_SetForegroundColor                  0x080011e9   Thumb Code    16  glcd_mcbstm32f400.o(.text.GLCD_SetForegroundColor)
    HAL_Delay                                0x080011f9   Thumb Code    40  stm32f4xx_hal.o(.text.HAL_Delay)
    HAL_GPIO_Init                            0x08001221   Thumb Code   412  stm32f4xx_hal_gpio.o(.text.HAL_GPIO_Init)
    HAL_GPIO_ReadPin                         0x080013bd   Thumb Code    10  stm32f4xx_hal_gpio.o(.text.HAL_GPIO_ReadPin)
    HAL_GPIO_WritePin                        0x080013c9   Thumb Code    10  stm32f4xx_hal_gpio.o(.text.HAL_GPIO_WritePin)
    HAL_GetTick                              0x080013d5   Thumb Code    12  main.o(.text.HAL_GetTick)
    HAL_Init                                 0x080013e1   Thumb Code    54  stm32f4xx_hal.o(.text.HAL_Init)
    HAL_InitTick                             0x08001419   Thumb Code    80  stm32f4xx_hal.o(.text.HAL_InitTick)
    HAL_MspInit                              0x08001469   Thumb Code     2  stm32f4xx_hal.o(.text.HAL_MspInit)
    HAL_NVIC_SetPriority                     0x0800146d   Thumb Code    86  stm32f4xx_hal_cortex.o(.text.HAL_NVIC_SetPriority)
    HAL_NVIC_SetPriorityGrouping             0x080014c5   Thumb Code    32  stm32f4xx_hal_cortex.o(.text.HAL_NVIC_SetPriorityGrouping)
    HAL_RCC_ClockConfig                      0x080014e5   Thumb Code   352  stm32f4xx_hal_rcc.o(.text.HAL_RCC_ClockConfig)
    HAL_RCC_GetSysClockFreq                  0x08001645   Thumb Code   104  stm32f4xx_hal_rcc.o(.text.HAL_RCC_GetSysClockFreq)
    HAL_RCC_OscConfig                        0x080016ad   Thumb Code   836  stm32f4xx_hal_rcc.o(.text.HAL_RCC_OscConfig)
    HAL_SRAM_Init                            0x080019f1   Thumb Code    86  stm32f4xx_hal_sram.o(.text.HAL_SRAM_Init)
    HAL_SRAM_MspInit                         0x08001a49   Thumb Code     2  stm32f4xx_hal_sram.o(.text.HAL_SRAM_MspInit)
    HAL_SYSTICK_Config                       0x08001a4d   Thumb Code    44  stm32f4xx_hal_cortex.o(.text.HAL_SYSTICK_Config)
    SystemCoreClockUpdate                    0x08001a79   Thumb Code   134  system_stm32f4xx.o(.text.SystemCoreClockUpdate)
    SystemInit                               0x08001b01   Thumb Code    86  system_stm32f4xx.o(.text.SystemInit)
    TIM2_IRQHandler                          0x08001b59   Thumb Code    82  main.o(.text.TIM2_IRQHandler)
    _mutex_acquire                           0x08001bad   Thumb Code    34  rtx_conf_cm.o(.text._mutex_acquire)
    _mutex_release                           0x08001bd1   Thumb Code    30  rtx_conf_cm.o(.text._mutex_release)
    _platform_post_lib_init                  0x08001bf1   Thumb Code    26  rtx_conf_cm.o(.text._platform_post_lib_init)
    main                                     0x08001c0d   Thumb Code   680  main.o(.text.main)
    os_error                                 0x08001edd   Thumb Code     2  rtx_conf_cm.o(.text.os_error)
    os_idle_demon                            0x08001ee1   Thumb Code     2  rtx_conf_cm.o(.text.os_idle_demon)
    SVC_Count                                0x08001ee4   Data           4  svc_table.o(SVC_TABLE)
    SVC_Table                                0x08001ee8   Data           0  svc_table.o(SVC_TABLE)
    _init_box                                0x08001ee9   Thumb Code    70  rt_membox.o(i._init_box)
    dbg_init                                 0x08001f31   Thumb Code    34  hal_cm.o(i.dbg_init)
    dbg_task_notify                          0x08001f61   Thumb Code    32  hal_cm.o(i.dbg_task_notify)
    dbg_task_switch                          0x08001f81   Thumb Code    16  hal_cm.o(i.dbg_task_switch)
    isrMessageGet                            0x08001f91   Thumb Code    42  rt_cmsis.o(i.isrMessageGet)
    isrMessagePut                            0x08001fbb   Thumb Code    44  rt_cmsis.o(i.isrMessagePut)
    isr_mbx_receive                          0x08001fe9   Thumb Code    86  rt_mailbox.o(i.isr_mbx_receive)
    isr_mbx_send                             0x0800203f   Thumb Code    14  rt_mailbox.o(i.isr_mbx_send)
    osKernelInitialize                       0x0800204d   Thumb Code    30  rt_cmsis.o(i.osKernelInitialize)
    osKernelStart                            0x08002071   Thumb Code    98  rt_cmsis.o(i.osKernelStart)
    osMessageGet                             0x080020dd   Thumb Code    18  rt_cmsis.o(i.osMessageGet)
    osThreadCreate                           0x080020f5   Thumb Code    36  rt_cmsis.o(i.osThreadCreate)
    osThreadExit                             0x08002121   Thumb Code    14  rt_cmsis.o(i.osThreadExit)
    osTimerCall                              0x08002139   Thumb Code     8  rt_cmsis.o(i.osTimerCall)
    osTimerThread                            0x08002145   Thumb Code    38  rt_cmsis.o(i.osTimerThread)
    os_tick_init                             0x08002171   Thumb Code    32  rt_system.o(i.os_tick_init)
    os_tick_irqack                           0x08002199   Thumb Code     2  rt_system.o(i.os_tick_irqack)
    rt_alloc_box                             0x0800219b   Thumb Code    26  rt_membox.o(i.rt_alloc_box)
    rt_alloc_mem                             0x080021b5   Thumb Code    62  rt_memory.o(i.rt_alloc_mem)
    rt_block                                 0x080021f5   Thumb Code    48  rt_task.o(i.rt_block)
    rt_chk_robin                             0x0800222d   Thumb Code    60  rt_robin.o(i.rt_chk_robin)
    rt_dec_dly                               0x08002275   Thumb Code   102  rt_list.o(i.rt_dec_dly)
    rt_dispatch                              0x080022e5   Thumb Code    60  rt_task.o(i.rt_dispatch)
    rt_evt_psh                               0x08002329   Thumb Code    76  rt_event.o(i.rt_evt_psh)
    rt_free_box                              0x08002379   Thumb Code    44  rt_membox.o(i.rt_free_box)
    rt_free_mem                              0x080023a5   Thumb Code    40  rt_memory.o(i.rt_free_mem)
    rt_get_first                             0x080023cd   Thumb Code    40  rt_list.o(i.rt_get_first)
    rt_init_mem                              0x08002445   Thumb Code    26  rt_memory.o(i.rt_init_mem)
    rt_init_robin                            0x08002461   Thumb Code    14  rt_robin.o(i.rt_init_robin)
    rt_init_stack                            0x08002479   Thumb Code   118  hal_cm.o(i.rt_init_stack)
    rt_mbx_check                             0x080024f9   Thumb Code     8  rt_mailbox.o(i.rt_mbx_check)
    rt_mbx_init                              0x08002501   Thumb Code    26  rt_mailbox.o(i.rt_mbx_init)
    rt_mbx_psh                               0x0800251d   Thumb Code   236  rt_mailbox.o(i.rt_mbx_psh)
    rt_mbx_wait                              0x0800260d   Thumb Code   174  rt_mailbox.o(i.rt_mbx_wait)
    rt_mut_release                           0x08002705   Thumb Code   208  rt_mutex.o(i.rt_mut_release)
    rt_mut_wait                              0x080027dd   Thumb Code   114  rt_mutex.o(i.rt_mut_wait)
    rt_pop_req                               0x08002855   Thumb Code   112  rt_system.o(i.rt_pop_req)
    rt_psh_req                               0x080028d1   Thumb Code    22  rt_system.o(i.rt_psh_req)
    rt_psq_enq                               0x080028f1   Thumb Code    88  rt_list.o(i.rt_psq_enq)
    rt_put_dly                               0x0800294d   Thumb Code    68  rt_list.o(i.rt_put_dly)
    rt_put_prio                              0x08002995   Thumb Code    54  rt_list.o(i.rt_put_prio)
    rt_put_rdy_first                         0x080029cd   Thumb Code    14  rt_list.o(i.rt_put_rdy_first)
    rt_resort_prio                           0x080029e1   Thumb Code    46  rt_list.o(i.rt_resort_prio)
    rt_ret_val                               0x08002a25   Thumb Code    12  hal_cm.o(i.rt_ret_val)
    rt_ret_val2                              0x08002a31   Thumb Code    16  hal_cm.o(i.rt_ret_val2)
    rt_rmv_dly                               0x08002a41   Thumb Code    40  rt_list.o(i.rt_rmv_dly)
    rt_rmv_list                              0x08002a69   Thumb Code    44  rt_list.o(i.rt_rmv_list)
    rt_sem_psh                               0x08002a99   Thumb Code    48  rt_semaphore.o(i.rt_sem_psh)
    rt_stk_check                             0x08002acd   Thumb Code    28  rt_system.o(i.rt_stk_check)
    rt_switch_req                            0x08002af1   Thumb Code    30  rt_task.o(i.rt_switch_req)
    rt_sys_init                              0x08002b19   Thumb Code   138  rt_task.o(i.rt_sys_init)
    rt_sys_start                             0x08002be5   Thumb Code   110  rt_task.o(i.rt_sys_start)
    rt_systick                               0x08002c5d   Thumb Code    50  rt_system.o(i.rt_systick)
    rt_tsk_create                            0x08002ce5   Thumb Code   118  rt_task.o(i.rt_tsk_create)
    rt_tsk_delete                            0x08002d6d   Thumb Code   352  rt_task.o(i.rt_tsk_delete)
    rt_tsk_prio                              0x08002ee9   Thumb Code   108  rt_task.o(i.rt_tsk_prio)
    rt_tsk_self                              0x08002f65   Thumb Code    12  rt_task.o(i.rt_tsk_self)
    svcKernelInitialize                      0x08002f75   Thumb Code    80  rt_cmsis.o(i.svcKernelInitialize)
    svcKernelStart                           0x08002fe5   Thumb Code    62  rt_cmsis.o(i.svcKernelStart)
    svcMessageCreate                         0x0800302d   Thumb Code    36  rt_cmsis.o(i.svcMessageCreate)
    svcMessageGet                            0x08003051   Thumb Code    58  rt_cmsis.o(i.svcMessageGet)
    svcThreadCreate                          0x0800308d   Thumb Code    96  rt_cmsis.o(i.svcThreadCreate)
    svcThreadGetId                           0x080030f9   Thumb Code    22  rt_cmsis.o(i.svcThreadGetId)
    svcThreadTerminate                       0x08003115   Thumb Code    50  rt_cmsis.o(i.svcThreadTerminate)
    svcTimerCall                             0x0800314d   Thumb Code    24  rt_cmsis.o(i.svcTimerCall)
    sysTimerTick                             0x08003165   Thumb Code    84  rt_cmsis.o(i.sysTimerTick)
    _fp_init                                 0x080031c1   Thumb Code    26  fpinit.o(x$fpl$fpinit)
    __fplib_config_fpu_vfp                   0x080031d9   Thumb Code     0  fpinit.o(x$fpl$fpinit)
    __fplib_config_pureend_doubles           0x080031d9   Thumb Code     0  fpinit.o(x$fpl$fpinit)
    AHBPrescTable                            0x080031da   Data          16  system_stm32f4xx.o(.rodata.AHBPrescTable)
    CMSIS_RTOS_API_Version                   0x080031ec   Data           4  rtx_conf_cm.o(.rodata.CMSIS_RTOS_API_Version)
    CMSIS_RTOS_RTX_Version                   0x080031f0   Data           4  rtx_conf_cm.o(.rodata.CMSIS_RTOS_RTX_Version)
    GLCD_Font_16x24                          0x080046f4   Data          16  glcd_fonts.o(.rodata.GLCD_Font_16x24)
    mp_stk_size                              0x08004704   Data           4  rtx_conf_cm.o(.rodata.mp_stk_size)
    mp_tcb_size                              0x08004708   Data           2  rtx_conf_cm.o(.rodata.mp_tcb_size)
    mp_tmr_size                              0x0800470a   Data           2  rtx_conf_cm.o(.rodata.mp_tmr_size)
    os_clockrate                             0x0800470c   Data           4  rtx_conf_cm.o(.rodata.os_clockrate)
    os_fifo_size                             0x08004710   Data           1  rtx_conf_cm.o(.rodata.os_fifo_size)
    os_flags                                 0x08004711   Data           1  rtx_conf_cm.o(.rodata.os_flags)
    os_maxtaskrun                            0x08004712   Data           2  rtx_conf_cm.o(.rodata.os_maxtaskrun)
    os_messageQ_def_osTimerMessageQ          0x08004714   Data           8  rtx_conf_cm.o(.rodata.os_messageQ_def_osTimerMessageQ)
    os_rrobin                                0x0800471c   Data           4  rtx_conf_cm.o(.rodata.os_rrobin)
    os_stack_sz                              0x08004720   Data           4  rtx_conf_cm.o(.rodata.os_stack_sz)
    os_stackinfo                             0x08004724   Data           4  rtx_conf_cm.o(.rodata.os_stackinfo)
    os_thread_def_main                       0x08004728   Data          16  rtx_conf_cm.o(.rodata.os_thread_def_main)
    os_thread_def_osTimerThread              0x08004738   Data          16  rtx_conf_cm.o(.rodata.os_thread_def_osTimerThread)
    os_timernum                              0x08004748   Data           4  rtx_conf_cm.o(.rodata.os_timernum)
    os_trv                                   0x0800474c   Data           4  rtx_conf_cm.o(.rodata.os_trv)
    Region$$Table$$Base                      0x08004784   Number         0  anon$$obj.o(Region$$Table)
    Region$$Table$$Limit                     0x080047a4   Number         0  anon$$obj.o(Region$$Table)
    __ARM_use_no_argv                        0x20000000   Data           4  main.o(.ARM.use_no_argv)
    os_initialized                           0x20000004   Data           1  rt_cmsis.o(.data)
    os_running                               0x20000005   Data           1  rt_cmsis.o(.data)
    os_timer_head                            0x20000008   Data           4  rt_cmsis.o(.data)
    os_tsk                                   0x2000000c   Data           8  rt_task.o(.data)
    os_time                                  0x20000014   Data           4  rt_time.o(.data)
    os_tick_irqn                             0x2000001c   Data           4  rt_system.o(.data)
    os_robin                                 0x20000020   Data           8  rt_robin.o(.data)
    dbg_msg                                  0x20000028   Data           1  hal_cm.o(.data)
    SystemCoreClock                          0x2000002c   Data           4  system_stm32f4xx.o(.data.SystemCoreClock)
    uwTickFreq                               0x20000032   Data           1  stm32f4xx_hal.o(.data.uwTickFreq)
    uwTickPrio                               0x20000034   Data           4  stm32f4xx_hal.o(.data.uwTickPrio)
    os_idle_TCB                              0x20000038   Data          52  rt_task.o(.bss)
    os_rdy                                   0x2000006c   Data          24  rt_list.o(.bss)
    os_dly                                   0x20000084   Data          24  rt_list.o(.bss)
    __libspace_start                         0x2000009c   Data          96  libspace.o(.bss)
    __temporary_stack_top$libspace           0x200000fc   Data           0  libspace.o(.bss)
    SampleCount                              0x20000100   Data           4  main.o(.bss.SampleCount)
    StorageArray                             0x20000104   Data          60  main.o(.bss.StorageArray)
    m_tmr                                    0x20000198   Data           4  rtx_conf_cm.o(.bss.m_tmr)
    min                                      0x2000019c   Data           2  main.o(.bss.min)
    mp_stk                                   0x200001a0   Data        1216  rtx_conf_cm.o(.bss.mp_stk)
    mp_tcb                                   0x20000660   Data         376  rtx_conf_cm.o(.bss.mp_tcb)
    osMessageQId_osTimerMessageQ             0x200007d8   Data           4  rtx_conf_cm.o(.bss.osMessageQId_osTimerMessageQ)
    osThreadId_osTimerThread                 0x200007dc   Data           4  rtx_conf_cm.o(.bss.osThreadId_osTimerThread)
    os_active_TCB                            0x200007e0   Data          28  rtx_conf_cm.o(.bss.os_active_TCB)
    os_fifo                                  0x200007fc   Data         132  rtx_conf_cm.o(.bss.os_fifo)
    os_messageQ_q_osTimerMessageQ            0x20000880   Data          32  rtx_conf_cm.o(.bss.os_messageQ_q_osTimerMessageQ)
    os_stack_mem                             0x200008a0   Data         432  rtx_conf_cm.o(.bss.os_stack_mem)
    sec                                      0x20000a50   Data           2  main.o(.bss.sec)
    togg                                     0x20000a52   Data           1  main.o(.bss.togg)



==============================================================================

Memory Map of the image

  Image Entry point : 0x08000189

  Load Region LR_IROM1 (Base: 0x08000000, Size: 0x000047e0, Max: 0x00100000, ABSOLUTE)

    Execution Region ER_IROM1 (Exec base: 0x08000000, Load base: 0x08000000, Size: 0x000047a4, Max: 0x00100000, ABSOLUTE)

    Exec Addr    Load Addr    Size         Type   Attr      Idx    E Section Name        Object

    0x08000000   0x08000000   0x00000188   Data   RO          551    RESET               startup_stm32f407xx.o
    0x08000188   0x08000188   0x00000008   Code   RO         1799  * !!!main             c_w.l(__main.o)
    0x08000190   0x08000190   0x00000034   Code   RO         1970    !!!scatter          c_w.l(__scatter.o)
    0x080001c4   0x080001c4   0x0000001a   Code   RO         1972    !!handler_copy      c_w.l(__scatter_copy.o)
    0x080001de   0x080001de   0x00000002   PAD
    0x080001e0   0x080001e0   0x0000001c   Code   RO         1974    !!handler_zi        c_w.l(__scatter_zi.o)
    0x080001fc   0x080001fc   0x00000002   Code   RO         1835    .ARM.Collect$$libinit$$00000000  c_w.l(libinit.o)
    0x080001fe   0x080001fe   0x00000004   Code   RO         1844    .ARM.Collect$$libinit$$00000001  c_w.l(libinit2.o)
    0x08000202   0x08000202   0x00000000   Code   RO         1847    .ARM.Collect$$libinit$$00000004  c_w.l(libinit2.o)
    0x08000202   0x08000202   0x00000000   Code   RO         1849    .ARM.Collect$$libinit$$00000006  c_w.l(libinit2.o)
    0x08000202   0x08000202   0x00000000   Code   RO         1852    .ARM.Collect$$libinit$$0000000C  c_w.l(libinit2.o)
    0x08000202   0x08000202   0x00000000   Code   RO         1854    .ARM.Collect$$libinit$$0000000E  c_w.l(libinit2.o)
    0x08000202   0x08000202   0x00000000   Code   RO         1856    .ARM.Collect$$libinit$$00000010  c_w.l(libinit2.o)
    0x08000202   0x08000202   0x00000000   Code   RO         1859    .ARM.Collect$$libinit$$00000013  c_w.l(libinit2.o)
    0x08000202   0x08000202   0x00000000   Code   RO         1861    .ARM.Collect$$libinit$$00000015  c_w.l(libinit2.o)
    0x08000202   0x08000202   0x00000000   Code   RO         1863    .ARM.Collect$$libinit$$00000017  c_w.l(libinit2.o)
    0x08000202   0x08000202   0x00000000   Code   RO         1865    .ARM.Collect$$libinit$$00000019  c_w.l(libinit2.o)
    0x08000202   0x08000202   0x00000000   Code   RO         1867    .ARM.Collect$$libinit$$0000001B  c_w.l(libinit2.o)
    0x08000202   0x08000202   0x00000000   Code   RO         1869    .ARM.Collect$$libinit$$0000001D  c_w.l(libinit2.o)
    0x08000202   0x08000202   0x00000000   Code   RO         1871    .ARM.Collect$$libinit$$0000001F  c_w.l(libinit2.o)
    0x08000202   0x08000202   0x00000000   Code   RO         1873    .ARM.Collect$$libinit$$00000021  c_w.l(libinit2.o)
    0x08000202   0x08000202   0x00000000   Code   RO         1875    .ARM.Collect$$libinit$$00000023  c_w.l(libinit2.o)
    0x08000202   0x08000202   0x00000000   Code   RO         1877    .ARM.Collect$$libinit$$00000025  c_w.l(libinit2.o)
    0x08000202   0x08000202   0x00000000   Code   RO         1879    .ARM.Collect$$libinit$$00000027  c_w.l(libinit2.o)
    0x08000202   0x08000202   0x00000000   Code   RO         1883    .ARM.Collect$$libinit$$0000002E  c_w.l(libinit2.o)
    0x08000202   0x08000202   0x00000000   Code   RO         1885    .ARM.Collect$$libinit$$00000030  c_w.l(libinit2.o)
    0x08000202   0x08000202   0x00000000   Code   RO         1887    .ARM.Collect$$libinit$$00000032  c_w.l(libinit2.o)
    0x08000202   0x08000202   0x00000000   Code   RO         1889    .ARM.Collect$$libinit$$00000034  c_w.l(libinit2.o)
    0x08000202   0x08000202   0x00000002   Code   RO         1890    .ARM.Collect$$libinit$$00000035  c_w.l(libinit2.o)
    0x08000204   0x08000204   0x00000002   Code   RO         1925    .ARM.Collect$$libshutdown$$00000000  c_w.l(libshutdown.o)
    0x08000206   0x08000206   0x00000000   Code   RO         1953    .ARM.Collect$$libshutdown$$00000002  c_w.l(libshutdown2.o)
    0x08000206   0x08000206   0x00000000   Code   RO         1955    .ARM.Collect$$libshutdown$$00000004  c_w.l(libshutdown2.o)
    0x08000206   0x08000206   0x00000000   Code   RO         1958    .ARM.Collect$$libshutdown$$00000007  c_w.l(libshutdown2.o)
    0x08000206   0x08000206   0x00000000   Code   RO         1961    .ARM.Collect$$libshutdown$$0000000A  c_w.l(libshutdown2.o)
    0x08000206   0x08000206   0x00000000   Code   RO         1963    .ARM.Collect$$libshutdown$$0000000C  c_w.l(libshutdown2.o)
    0x08000206   0x08000206   0x00000000   Code   RO         1966    .ARM.Collect$$libshutdown$$0000000F  c_w.l(libshutdown2.o)
    0x08000206   0x08000206   0x00000002   Code   RO         1967    .ARM.Collect$$libshutdown$$00000010  c_w.l(libshutdown2.o)
    0x08000208   0x08000208   0x00000000   Code   RO         1801    .ARM.Collect$$rtentry$$00000000  c_w.l(__rtentry.o)
    0x08000208   0x08000208   0x00000000   Code   RO         1807    .ARM.Collect$$rtentry$$00000002  c_w.l(__rtentry2.o)
    0x08000208   0x08000208   0x00000006   Code   RO         1819    .ARM.Collect$$rtentry$$00000004  c_w.l(__rtentry4.o)
    0x0800020e   0x0800020e   0x00000000   Code   RO         1809    .ARM.Collect$$rtentry$$00000009  c_w.l(__rtentry2.o)
    0x0800020e   0x0800020e   0x00000004   Code   RO         1810    .ARM.Collect$$rtentry$$0000000A  c_w.l(__rtentry2.o)
    0x08000212   0x08000212   0x00000008   Code   RO         1811    .ARM.Collect$$rtentry$$0000000B  c_w.l(__rtentry2.o)
    0x0800021a   0x0800021a   0x00000008   Code   RO         1813    .ARM.Collect$$rtentry$$0000000D  c_w.l(__rtentry2.o)
    0x08000222   0x08000222   0x00000002   Code   RO         1836    .ARM.Collect$$rtexit$$00000000  c_w.l(rtexit.o)
    0x08000224   0x08000224   0x00000000   Code   RO         1896    .ARM.Collect$$rtexit$$00000002  c_w.l(rtexit2.o)
    0x08000224   0x08000224   0x00000004   Code   RO         1897    .ARM.Collect$$rtexit$$00000003  c_w.l(rtexit2.o)
    0x08000228   0x08000228   0x00000006   Code   RO         1898    .ARM.Collect$$rtexit$$00000004  c_w.l(rtexit2.o)
    0x0800022e   0x0800022e   0x00000002   PAD
    0x08000230   0x08000230   0x00000198   Code   RO         1777    .emb_text           RTX_CM4.lib(hal_cm4.o)
    0x080003c8   0x080003c8   0x00000040   Code   RO          552    .text               startup_stm32f407xx.o
    0x08000408   0x08000408   0x00000008   Code   RO         1792    .text               c_w.l(libspace.o)
    0x08000410   0x08000410   0x000000f0   Code   RO         1795    .text               c_w.l(lludivv7m.o)
    0x08000500   0x08000500   0x00000006   Code   RO         1797    .text               c_w.l(heapauxi.o)
    0x08000506   0x08000506   0x0000004a   Code   RO         1823    .text               c_w.l(sys_stackheap_outer.o)
    0x08000550   0x08000550   0x00000012   Code   RO         1825    .text               c_w.l(exit.o)
    0x08000562   0x08000562   0x00000002   PAD
    0x08000564   0x08000564   0x0000000c   Code   RO         1891    .text               c_w.l(sys_exit.o)
    0x08000570   0x08000570   0x00000002   Code   RO         1914    .text               c_w.l(use_no_semi.o)
    0x08000572   0x08000572   0x00000000   Code   RO         1916    .text               c_w.l(indicate_semi.o)
    0x08000572   0x08000572   0x00000002   PAD
    0x08000574   0x08000574   0x000000ec   Code   RO           20    .text.ADCSample     main.o
    0x08000660   0x08000660   0x000000ac   Code   RO           26    .text.Display_Level0_Count  main.o
    0x0800070c   0x0800070c   0x00000042   Code   RO          512    .text.FSMC_NORSRAM_Extended_Timing_Init  stm32f4xx_ll_fsmc.o
    0x0800074e   0x0800074e   0x00000002   PAD
    0x08000750   0x08000750   0x0000005e   Code   RO          506    .text.FSMC_NORSRAM_Init  stm32f4xx_ll_fsmc.o
    0x080007ae   0x080007ae   0x00000002   PAD
    0x080007b0   0x080007b0   0x00000044   Code   RO          510    .text.FSMC_NORSRAM_Timing_Init  stm32f4xx_ll_fsmc.o
    0x080007f4   0x080007f4   0x000000b2   Code   RO           64    .text.GLCD_ClearScreen  glcd_mcbstm32f400.o
    0x080008a6   0x080008a6   0x00000002   PAD
    0x080008a8   0x080008a8   0x00000160   Code   RO           76    .text.GLCD_DrawChar  glcd_mcbstm32f400.o
    0x08000a08   0x08000a08   0x00000036   Code   RO           78    .text.GLCD_DrawString  glcd_mcbstm32f400.o
    0x08000a3e   0x08000a3e   0x00000002   PAD
    0x08000a40   0x08000a40   0x00000788   Code   RO           56    .text.GLCD_Initialize  glcd_mcbstm32f400.o
    0x080011c8   0x080011c8   0x00000010   Code   RO           62    .text.GLCD_SetBackgroundColor  glcd_mcbstm32f400.o
    0x080011d8   0x080011d8   0x00000010   Code   RO           66    .text.GLCD_SetFont  glcd_mcbstm32f400.o
    0x080011e8   0x080011e8   0x00000010   Code   RO           60    .text.GLCD_SetForegroundColor  glcd_mcbstm32f400.o
    0x080011f8   0x080011f8   0x00000028   Code   RO          184    .text.HAL_Delay     stm32f4xx_hal.o
    0x08001220   0x08001220   0x0000019c   Code   RO          322    .text.HAL_GPIO_Init  stm32f4xx_hal_gpio.o
    0x080013bc   0x080013bc   0x0000000a   Code   RO          326    .text.HAL_GPIO_ReadPin  stm32f4xx_hal_gpio.o
    0x080013c6   0x080013c6   0x00000002   PAD
    0x080013c8   0x080013c8   0x0000000a   Code   RO          328    .text.HAL_GPIO_WritePin  stm32f4xx_hal_gpio.o
    0x080013d2   0x080013d2   0x00000002   PAD
    0x080013d4   0x080013d4   0x0000000c   Code   RO            2    .text.HAL_GetTick   main.o
    0x080013e0   0x080013e0   0x00000036   Code   RO          164    .text.HAL_Init      stm32f4xx_hal.o
    0x08001416   0x08001416   0x00000002   PAD
    0x08001418   0x08001418   0x00000050   Code   RO          166    .text.HAL_InitTick  stm32f4xx_hal.o
    0x08001468   0x08001468   0x00000002   Code   RO          168    .text.HAL_MspInit   stm32f4xx_hal.o
    0x0800146a   0x0800146a   0x00000002   PAD
    0x0800146c   0x0800146c   0x00000056   Code   RO          231    .text.HAL_NVIC_SetPriority  stm32f4xx_hal_cortex.o
    0x080014c2   0x080014c2   0x00000002   PAD
    0x080014c4   0x080014c4   0x00000020   Code   RO          229    .text.HAL_NVIC_SetPriorityGrouping  stm32f4xx_hal_cortex.o
    0x080014e4   0x080014e4   0x00000160   Code   RO          412    .text.HAL_RCC_ClockConfig  stm32f4xx_hal_rcc.o
    0x08001644   0x08001644   0x00000068   Code   RO          414    .text.HAL_RCC_GetSysClockFreq  stm32f4xx_hal_rcc.o
    0x080016ac   0x080016ac   0x00000344   Code   RO          410    .text.HAL_RCC_OscConfig  stm32f4xx_hal_rcc.o
    0x080019f0   0x080019f0   0x00000056   Code   RO          464    .text.HAL_SRAM_Init  stm32f4xx_hal_sram.o
    0x08001a46   0x08001a46   0x00000002   PAD
    0x08001a48   0x08001a48   0x00000002   Code   RO          466    .text.HAL_SRAM_MspInit  stm32f4xx_hal_sram.o
    0x08001a4a   0x08001a4a   0x00000002   PAD
    0x08001a4c   0x08001a4c   0x0000002c   Code   RO          241    .text.HAL_SYSTICK_Config  stm32f4xx_hal_cortex.o
    0x08001a78   0x08001a78   0x00000086   Code   RO          561    .text.SystemCoreClockUpdate  system_stm32f4xx.o
    0x08001afe   0x08001afe   0x00000002   PAD
    0x08001b00   0x08001b00   0x00000056   Code   RO          559    .text.SystemInit    system_stm32f4xx.o
    0x08001b56   0x08001b56   0x00000002   PAD
    0x08001b58   0x08001b58   0x00000052   Code   RO           14    .text.TIM2_IRQHandler  main.o
    0x08001baa   0x08001baa   0x00000002   PAD
    0x08001bac   0x08001bac   0x00000022   Code   RO          111    .text._mutex_acquire  rtx_conf_cm.o
    0x08001bce   0x08001bce   0x00000002   PAD
    0x08001bd0   0x08001bd0   0x0000001e   Code   RO          113    .text._mutex_release  rtx_conf_cm.o
    0x08001bee   0x08001bee   0x00000002   PAD
    0x08001bf0   0x08001bf0   0x0000001a   Code   RO          121    .text._platform_post_lib_init  rtx_conf_cm.o
    0x08001c0a   0x08001c0a   0x00000002   PAD
    0x08001c0c   0x08001c0c   0x000002d0   Code   RO           28    .text.main          main.o
    0x08001edc   0x08001edc   0x00000002   Code   RO          105    .text.os_error      rtx_conf_cm.o
    0x08001ede   0x08001ede   0x00000002   PAD
    0x08001ee0   0x08001ee0   0x00000002   Code   RO          103    .text.os_idle_demon  rtx_conf_cm.o
    0x08001ee2   0x08001ee2   0x00000002   PAD
    0x08001ee4   0x08001ee4   0x00000004   Code   RO         1787    SVC_TABLE           RTX_CM4.lib(svc_table.o)
    0x08001ee8   0x08001ee8   0x00000046   Code   RO         1671    i._init_box         RTX_CM4.lib(rt_membox.o)
    0x08001f2e   0x08001f2e   0x00000002   PAD
    0x08001f30   0x08001f30   0x00000030   Code   RO         1724    i.dbg_init          RTX_CM4.lib(hal_cm.o)
    0x08001f60   0x08001f60   0x00000020   Code   RO         1725    i.dbg_task_notify   RTX_CM4.lib(hal_cm.o)
    0x08001f80   0x08001f80   0x00000010   Code   RO         1726    i.dbg_task_switch   RTX_CM4.lib(hal_cm.o)
    0x08001f90   0x08001f90   0x0000002a   Code   RO          576    i.isrMessageGet     RTX_CM4.lib(rt_cmsis.o)
    0x08001fba   0x08001fba   0x0000002c   Code   RO          577    i.isrMessagePut     RTX_CM4.lib(rt_cmsis.o)
    0x08001fe6   0x08001fe6   0x00000002   PAD
    0x08001fe8   0x08001fe8   0x00000056   Code   RO         1559    i.isr_mbx_receive   RTX_CM4.lib(rt_mailbox.o)
    0x0800203e   0x0800203e   0x0000000e   Code   RO         1560    i.isr_mbx_send      RTX_CM4.lib(rt_mailbox.o)
    0x0800204c   0x0800204c   0x00000024   Code   RO          581    i.osKernelInitialize  RTX_CM4.lib(rt_cmsis.o)
    0x08002070   0x08002070   0x0000006c   Code   RO          583    i.osKernelStart     RTX_CM4.lib(rt_cmsis.o)
    0x080020dc   0x080020dc   0x00000018   Code   RO          592    i.osMessageGet      RTX_CM4.lib(rt_cmsis.o)
    0x080020f4   0x080020f4   0x0000002c   Code   RO          609    i.osThreadCreate    RTX_CM4.lib(rt_cmsis.o)
    0x08002120   0x08002120   0x00000018   Code   RO          610    i.osThreadExit      RTX_CM4.lib(rt_cmsis.o)
    0x08002138   0x08002138   0x0000000c   Code   RO          616    i.osTimerCall       RTX_CM4.lib(rt_cmsis.o)
    0x08002144   0x08002144   0x0000002c   Code   RO          621    i.osTimerThread     RTX_CM4.lib(rt_cmsis.o)
    0x08002170   0x08002170   0x00000028   Code   RO         1351    i.os_tick_init      RTX_CM4.lib(rt_system.o)
    0x08002198   0x08002198   0x00000002   Code   RO         1352    i.os_tick_irqack    RTX_CM4.lib(rt_system.o)
    0x0800219a   0x0800219a   0x0000001a   Code   RO         1672    i.rt_alloc_box      RTX_CM4.lib(rt_membox.o)
    0x080021b4   0x080021b4   0x0000003e   Code   RO         1700    i.rt_alloc_mem      RTX_CM4.lib(rt_memory.o)
    0x080021f2   0x080021f2   0x00000002   PAD
    0x080021f4   0x080021f4   0x00000038   Code   RO         1199    i.rt_block          RTX_CM4.lib(rt_task.o)
    0x0800222c   0x0800222c   0x00000048   Code   RO         1649    i.rt_chk_robin      RTX_CM4.lib(rt_robin.o)
    0x08002274   0x08002274   0x00000070   Code   RO         1483    i.rt_dec_dly        RTX_CM4.lib(rt_list.o)
    0x080022e4   0x080022e4   0x00000044   Code   RO         1200    i.rt_dispatch       RTX_CM4.lib(rt_task.o)
    0x08002328   0x08002328   0x00000050   Code   RO         1444    i.rt_evt_psh        RTX_CM4.lib(rt_event.o)
    0x08002378   0x08002378   0x0000002c   Code   RO         1673    i.rt_free_box       RTX_CM4.lib(rt_membox.o)
    0x080023a4   0x080023a4   0x00000028   Code   RO         1701    i.rt_free_mem       RTX_CM4.lib(rt_memory.o)
    0x080023cc   0x080023cc   0x00000028   Code   RO         1484    i.rt_get_first      RTX_CM4.lib(rt_list.o)
    0x080023f4   0x080023f4   0x00000008   Code   RO          626    i.rt_id2obj         RTX_CM4.lib(rt_cmsis.o)
    0x080023fc   0x080023fc   0x00000048   Code   RO         1201    i.rt_init_context   RTX_CM4.lib(rt_task.o)
    0x08002444   0x08002444   0x0000001a   Code   RO         1702    i.rt_init_mem       RTX_CM4.lib(rt_memory.o)
    0x0800245e   0x0800245e   0x00000002   PAD
    0x08002460   0x08002460   0x00000018   Code   RO         1650    i.rt_init_robin     RTX_CM4.lib(rt_robin.o)
    0x08002478   0x08002478   0x00000080   Code   RO         1727    i.rt_init_stack     RTX_CM4.lib(hal_cm.o)
    0x080024f8   0x080024f8   0x00000008   Code   RO         1561    i.rt_mbx_check      RTX_CM4.lib(rt_mailbox.o)
    0x08002500   0x08002500   0x0000001a   Code   RO         1562    i.rt_mbx_init       RTX_CM4.lib(rt_mailbox.o)
    0x0800251a   0x0800251a   0x00000002   PAD
    0x0800251c   0x0800251c   0x000000f0   Code   RO         1563    i.rt_mbx_psh        RTX_CM4.lib(rt_mailbox.o)
    0x0800260c   0x0800260c   0x000000b4   Code   RO         1565    i.rt_mbx_wait       RTX_CM4.lib(rt_mailbox.o)
    0x080026c0   0x080026c0   0x00000044   Code   RO          627    i.rt_ms2tick        RTX_CM4.lib(rt_cmsis.o)
    0x08002704   0x08002704   0x000000d8   Code   RO         1318    i.rt_mut_release    RTX_CM4.lib(rt_mutex.o)
    0x080027dc   0x080027dc   0x00000078   Code   RO         1319    i.rt_mut_wait       RTX_CM4.lib(rt_mutex.o)
    0x08002854   0x08002854   0x0000007c   Code   RO         1355    i.rt_pop_req        RTX_CM4.lib(rt_system.o)
    0x080028d0   0x080028d0   0x00000020   Code   RO         1356    i.rt_psh_req        RTX_CM4.lib(rt_system.o)
    0x080028f0   0x080028f0   0x0000005c   Code   RO         1486    i.rt_psq_enq        RTX_CM4.lib(rt_list.o)
    0x0800294c   0x0800294c   0x00000048   Code   RO         1487    i.rt_put_dly        RTX_CM4.lib(rt_list.o)
    0x08002994   0x08002994   0x00000036   Code   RO         1488    i.rt_put_prio       RTX_CM4.lib(rt_list.o)
    0x080029ca   0x080029ca   0x00000002   PAD
    0x080029cc   0x080029cc   0x00000014   Code   RO         1489    i.rt_put_rdy_first  RTX_CM4.lib(rt_list.o)
    0x080029e0   0x080029e0   0x00000034   Code   RO         1490    i.rt_resort_prio    RTX_CM4.lib(rt_list.o)
    0x08002a14   0x08002a14   0x00000010   Code   RO         1728    i.rt_ret_regs       RTX_CM4.lib(hal_cm.o)
    0x08002a24   0x08002a24   0x0000000c   Code   RO         1729    i.rt_ret_val        RTX_CM4.lib(hal_cm.o)
    0x08002a30   0x08002a30   0x00000010   Code   RO         1730    i.rt_ret_val2       RTX_CM4.lib(hal_cm.o)
    0x08002a40   0x08002a40   0x00000028   Code   RO         1491    i.rt_rmv_dly        RTX_CM4.lib(rt_list.o)
    0x08002a68   0x08002a68   0x00000030   Code   RO         1492    i.rt_rmv_list       RTX_CM4.lib(rt_list.o)
    0x08002a98   0x08002a98   0x00000034   Code   RO         1610    i.rt_sem_psh        RTX_CM4.lib(rt_semaphore.o)
    0x08002acc   0x08002acc   0x00000024   Code   RO         1358    i.rt_stk_check      RTX_CM4.lib(rt_system.o)
    0x08002af0   0x08002af0   0x00000028   Code   RO         1202    i.rt_switch_req     RTX_CM4.lib(rt_task.o)
    0x08002b18   0x08002b18   0x000000cc   Code   RO         1203    i.rt_sys_init       RTX_CM4.lib(rt_task.o)
    0x08002be4   0x08002be4   0x00000078   Code   RO         1204    i.rt_sys_start      RTX_CM4.lib(rt_task.o)
    0x08002c5c   0x08002c5c   0x00000040   Code   RO         1360    i.rt_systick        RTX_CM4.lib(rt_system.o)
    0x08002c9c   0x08002c9c   0x00000012   Code   RO          628    i.rt_tid2ptcb       RTX_CM4.lib(rt_cmsis.o)
    0x08002cae   0x08002cae   0x00000002   PAD
    0x08002cb0   0x08002cb0   0x00000034   Code   RO          629    i.rt_timer_insert   RTX_CM4.lib(rt_cmsis.o)
    0x08002ce4   0x08002ce4   0x00000088   Code   RO         1205    i.rt_tsk_create     RTX_CM4.lib(rt_task.o)
    0x08002d6c   0x08002d6c   0x0000017c   Code   RO         1206    i.rt_tsk_delete     RTX_CM4.lib(rt_task.o)
    0x08002ee8   0x08002ee8   0x0000007c   Code   RO         1208    i.rt_tsk_prio       RTX_CM4.lib(rt_task.o)
    0x08002f64   0x08002f64   0x00000010   Code   RO         1209    i.rt_tsk_self       RTX_CM4.lib(rt_task.o)
    0x08002f74   0x08002f74   0x00000070   Code   RO          632    i.svcKernelInitialize  RTX_CM4.lib(rt_cmsis.o)
    0x08002fe4   0x08002fe4   0x00000048   Code   RO          634    i.svcKernelStart    RTX_CM4.lib(rt_cmsis.o)
    0x0800302c   0x0800302c   0x00000024   Code   RO          637    i.svcMessageCreate  RTX_CM4.lib(rt_cmsis.o)
    0x08003050   0x08003050   0x0000003a   Code   RO          638    i.svcMessageGet     RTX_CM4.lib(rt_cmsis.o)
    0x0800308a   0x0800308a   0x00000002   PAD
    0x0800308c   0x0800308c   0x0000006c   Code   RO          652    i.svcThreadCreate   RTX_CM4.lib(rt_cmsis.o)
    0x080030f8   0x080030f8   0x0000001c   Code   RO          653    i.svcThreadGetId    RTX_CM4.lib(rt_cmsis.o)
    0x08003114   0x08003114   0x00000038   Code   RO          656    i.svcThreadTerminate  RTX_CM4.lib(rt_cmsis.o)
    0x0800314c   0x0800314c   0x00000018   Code   RO          658    i.svcTimerCall      RTX_CM4.lib(rt_cmsis.o)
    0x08003164   0x08003164   0x0000005c   Code   RO          667    i.sysTimerTick      RTX_CM4.lib(rt_cmsis.o)
    0x080031c0   0x080031c0   0x0000001a   Code   RO         1908    x$fpl$fpinit        fz_wm.l(fpinit.o)
    0x080031da   0x080031da   0x00000010   Data   RO          564    .rodata.AHBPrescTable  system_stm32f4xx.o
    0x080031ea   0x080031ea   0x00000002   PAD
    0x080031ec   0x080031ec   0x00000004   Data   RO          131    .rodata.CMSIS_RTOS_API_Version  rtx_conf_cm.o
    0x080031f0   0x080031f0   0x00000004   Data   RO          132    .rodata.CMSIS_RTOS_RTX_Version  rtx_conf_cm.o
    0x080031f4   0x080031f4   0x00001500   Data   RO           49    .rodata.Font_16x24_h  glcd_fonts.o
    0x080046f4   0x080046f4   0x00000010   Data   RO           50    .rodata.GLCD_Font_16x24  glcd_fonts.o
    0x08004704   0x08004704   0x00000004   Data   RO          136    .rodata.mp_stk_size  rtx_conf_cm.o
    0x08004708   0x08004708   0x00000002   Data   RO          135    .rodata.mp_tcb_size  rtx_conf_cm.o
    0x0800470a   0x0800470a   0x00000002   Data   RO          144    .rodata.mp_tmr_size  rtx_conf_cm.o
    0x0800470c   0x0800470c   0x00000004   Data   RO          133    .rodata.os_clockrate  rtx_conf_cm.o
    0x08004710   0x08004710   0x00000001   Data   RO          138    .rodata.os_fifo_size  rtx_conf_cm.o
    0x08004711   0x08004711   0x00000001   Data   RO          130    .rodata.os_flags    rtx_conf_cm.o
    0x08004712   0x08004712   0x00000002   Data   RO          123    .rodata.os_maxtaskrun  rtx_conf_cm.o
    0x08004714   0x08004714   0x00000008   Data   RO          141    .rodata.os_messageQ_def_osTimerMessageQ  rtx_conf_cm.o
    0x0800471c   0x0800471c   0x00000004   Data   RO          125    .rodata.os_rrobin   rtx_conf_cm.o
    0x08004720   0x08004720   0x00000004   Data   RO          137    .rodata.os_stack_sz  rtx_conf_cm.o
    0x08004724   0x08004724   0x00000004   Data   RO          124    .rodata.os_stackinfo  rtx_conf_cm.o
    0x08004728   0x08004728   0x00000010   Data   RO          148    .rodata.os_thread_def_main  rtx_conf_cm.o
    0x08004738   0x08004738   0x00000010   Data   RO          139    .rodata.os_thread_def_osTimerThread  rtx_conf_cm.o
    0x08004748   0x08004748   0x00000004   Data   RO          134    .rodata.os_timernum  rtx_conf_cm.o
    0x0800474c   0x0800474c   0x00000004   Data   RO          129    .rodata.os_trv      rtx_conf_cm.o
    0x08004750   0x08004750   0x00000031   Data   RO           37    .rodata.str1.1      main.o
    0x08004781   0x08004781   0x00000003   PAD
    0x08004784   0x08004784   0x00000020   Data   RO         1969    Region$$Table       anon$$obj.o


    Execution Region RW_IRAM1 (Exec base: 0x20000000, Load base: 0x080047a8, Size: 0x00001058, Max: 0x00020000, ABSOLUTE)

    Exec Addr    Load Addr    Size         Type   Attr      Idx    E Section Name        Object

    0x20000000   0x080047a8   0x00000004   Data   RW           38    .ARM.use_no_argv    main.o
    0x20000004   0x080047ac   0x00000008   Data   RW          670    .data               RTX_CM4.lib(rt_cmsis.o)
    0x2000000c   0x080047b4   0x00000008   Data   RW         1211    .data               RTX_CM4.lib(rt_task.o)
    0x20000014   0x080047bc   0x00000004   Data   RW         1287    .data               RTX_CM4.lib(rt_time.o)
    0x20000018   0x080047c0   0x00000008   Data   RW         1363    .data               RTX_CM4.lib(rt_system.o)
    0x20000020   0x080047c8   0x00000008   Data   RW         1651    .data               RTX_CM4.lib(rt_robin.o)
    0x20000028   0x080047d0   0x00000001   Data   RW         1731    .data               RTX_CM4.lib(hal_cm.o)
    0x20000029   0x080047d1   0x00000003   PAD
    0x2000002c   0x080047d4   0x00000004   Data   RW          563    .data.SystemCoreClock  system_stm32f4xx.o
    0x20000030   0x080047d8   0x00000002   Data   RW           93    .data.background_color  glcd_mcbstm32f400.o
    0x20000032   0x080047da   0x00000001   Data   RW          219    .data.uwTickFreq    stm32f4xx_hal.o
    0x20000033   0x080047db   0x00000001   PAD
    0x20000034   0x080047dc   0x00000004   Data   RW          218    .data.uwTickPrio    stm32f4xx_hal.o
    0x20000038        -       0x00000034   Zero   RW         1210    .bss                RTX_CM4.lib(rt_task.o)
    0x2000006c        -       0x00000030   Zero   RW         1493    .bss                RTX_CM4.lib(rt_list.o)
    0x2000009c        -       0x00000060   Zero   RW         1793    .bss                c_w.l(libspace.o)
    0x200000fc        -       0x00000001   Zero   RW           91    .bss.Himax          glcd_mcbstm32f400.o
    0x200000fd   0x080047e0   0x00000003   PAD
    0x20000100        -       0x00000004   Zero   RW           36    .bss.SampleCount    main.o
    0x20000104        -       0x0000003c   Zero   RW           35    .bss.StorageArray   main.o
    0x20000140        -       0x00000004   Zero   RW           94    .bss.active_font    glcd_mcbstm32f400.o
    0x20000144        -       0x00000002   Zero   RW           92    .bss.foreground_color  glcd_mcbstm32f400.o
    0x20000146   0x080047e0   0x00000002   PAD
    0x20000148        -       0x00000050   Zero   RW           90    .bss.hsram4         glcd_mcbstm32f400.o
    0x20000198        -       0x00000004   Zero   RW          143    .bss.m_tmr          rtx_conf_cm.o
    0x2000019c        -       0x00000002   Zero   RW           34    .bss.min            main.o
    0x2000019e   0x080047e0   0x00000002   PAD
    0x200001a0        -       0x000004c0   Zero   RW          150    .bss.mp_stk         rtx_conf_cm.o
    0x20000660        -       0x00000178   Zero   RW          149    .bss.mp_tcb         rtx_conf_cm.o
    0x200007d8        -       0x00000004   Zero   RW          155    .bss.osMessageQId_osTimerMessageQ  rtx_conf_cm.o
    0x200007dc        -       0x00000004   Zero   RW          154    .bss.osThreadId_osTimerThread  rtx_conf_cm.o
    0x200007e0        -       0x0000001c   Zero   RW          153    .bss.os_active_TCB  rtx_conf_cm.o
    0x200007fc        -       0x00000084   Zero   RW          152    .bss.os_fifo        rtx_conf_cm.o
    0x20000880        -       0x00000020   Zero   RW          140    .bss.os_messageQ_q_osTimerMessageQ  rtx_conf_cm.o
    0x200008a0        -       0x000001b0   Zero   RW          151    .bss.os_stack_mem   rtx_conf_cm.o
    0x20000a50        -       0x00000002   Zero   RW           33    .bss.sec            main.o
    0x20000a52        -       0x00000001   Zero   RW           32    .bss.togg           main.o
    0x20000a53   0x080047e0   0x00000005   PAD
    0x20000a58        -       0x00000200   Zero   RW          550    HEAP                startup_stm32f407xx.o
    0x20000c58        -       0x00000400   Zero   RW          549    STACK               startup_stm32f407xx.o


==============================================================================

Image component sizes


      Code (inc. data)   RO Data    RW Data    ZI Data      Debug   Object Name

         0          0       5392          0          0       1166   glcd_fonts.o
      2560          0          0          2         87      34266   glcd_mcbstm32f400.o
      1222         64         49          4         69      11190   main.o
        94          0         84          0       2228       5789   rtx_conf_cm.o
        64         26        392          0       1536        912   startup_stm32f407xx.o
       176          0          0          5          0       7591   stm32f4xx_hal.o
       162          0          0          0          0      10812   stm32f4xx_hal_cortex.o
       432          0          0          0          0       5316   stm32f4xx_hal_gpio.o
      1292          0          0          0          0       7553   stm32f4xx_hal_rcc.o
        88          0          0          0          0       8360   stm32f4xx_hal_sram.o
       228          0          0          0          0       8540   stm32f4xx_ll_fsmc.o
       220          0         16          4          0       2816   system_stm32f4xx.o

    ----------------------------------------------------------------------
      6576         90       5970         16       3932     104311   Object Totals
         0          0         32          0          0          0   (incl. Generated)
        38          0          5          1         12          0   (incl. Padding)

    ----------------------------------------------------------------------

      Code (inc. data)   RO Data    RW Data    ZI Data      Debug   Library Member Name

       268         24          0          1          0       4440   hal_cm.o
       408         34          0          0          0        812   hal_cm4.o
      1110        138          0          8          0      36325   rt_cmsis.o
        80          4          0          0          0        697   rt_event.o
       530         34          0          0         48       8589   rt_list.o
       554         10          0          0          0       4177   rt_mailbox.o
       140          0          0          0          0       2033   rt_membox.o
       128          0          0          0          0       2411   rt_memory.o
       336         14          0          0          0       1719   rt_mutex.o
        96         22          0          8          0       1230   rt_robin.o
        52          4          0          0          0        613   rt_semaphore.o
       298         52          0          8          0       6427   rt_system.o
      1216        174          0          8         52      10017   rt_task.o
         0          0          0          4          0        206   rt_time.o
         4          4          0          0          0        196   svc_table.o
         8          0          0          0          0         68   __main.o
         0          0          0          0          0          0   __rtentry.o
        20          0          0          0          0          0   __rtentry2.o
         6          0          0          0          0          0   __rtentry4.o
        52          8          0          0          0          0   __scatter.o
        26          0          0          0          0          0   __scatter_copy.o
        28          0          0          0          0          0   __scatter_zi.o
        18          0          0          0          0         80   exit.o
         6          0          0          0          0        152   heapauxi.o
         0          0          0          0          0          0   indicate_semi.o
         2          0          0          0          0          0   libinit.o
         6          0          0          0          0          0   libinit2.o
         2          0          0          0          0          0   libshutdown.o
         2          0          0          0          0          0   libshutdown2.o
         8          4          0          0         96         68   libspace.o
       240          0          0          0          0        100   lludivv7m.o
         2          0          0          0          0          0   rtexit.o
        10          0          0          0          0          0   rtexit2.o
        12          4          0          0          0         68   sys_exit.o
        74          0          0          0          0         80   sys_stackheap_outer.o
         2          0          0          0          0         68   use_no_semi.o
        26          0          0          0          0        116   fpinit.o

    ----------------------------------------------------------------------
      5794        530          0         40        196      80692   Library Totals
        24          0          0          3          0          0   (incl. Padding)

    ----------------------------------------------------------------------

      Code (inc. data)   RO Data    RW Data    ZI Data      Debug   Library Name

      5220        514          0         37        100      79892   RTX_CM4.lib
       524         16          0          0         96        684   c_w.l
        26          0          0          0          0        116   fz_wm.l

    ----------------------------------------------------------------------
      5794        530          0         40        196      80692   Library Totals

    ----------------------------------------------------------------------

==============================================================================


      Code (inc. data)   RO Data    RW Data    ZI Data      Debug   

     12370        620       5970         56       4128     177915   Grand Totals
     12370        620       5970         56       4128     177915   ELF Image Totals
     12370        620       5970         56          0          0   ROM Totals

==============================================================================

    Total RO  Size (Code + RO Data)                18340 (  17.91kB)
    Total RW  Size (RW Data + ZI Data)              4184 (   4.09kB)
    Total ROM Size (Code + RO Data + RW Data)      18396 (  17.96kB)

==============================================================================

